
Running 3 tests using 3 workers

  ✘  1 [webkit] › e2e/critical-workflows.spec.ts:43:3 › Critical Fraud Investigation Workflow › Complete case creation and evidence upload workflow (33.1s)
  ✘  2 [firefox] › e2e/critical-workflows.spec.ts:43:3 › Critical Fraud Investigation Workflow › Complete case creation and evidence upload workflow (30.5s)
  ✘  3 [chromium] › e2e/critical-workflows.spec.ts:43:3 › Critical Fraud Investigation Workflow › Complete case creation and evidence upload workflow (30.2s)
  ✘  4 [webkit] › e2e/critical-workflows.spec.ts:43:3 › Critical Fraud Investigation Workflow › Complete case creation and evidence upload workflow (retry #1) (35.0s)
  ✘  5 [firefox] › e2e/critical-workflows.spec.ts:43:3 › Critical Fraud Investigation Workflow › Complete case creation and evidence upload workflow (retry #1) (31.6s)
  ✘  6 [chromium] › e2e/critical-workflows.spec.ts:43:3 › Critical Fraud Investigation Workflow › Complete case creation and evidence upload workflow (retry #1) (31.0s)


  1) [chromium] › e2e/critical-workflows.spec.ts:43:3 › Critical Fraud Investigation Workflow › Complete case creation and evidence upload workflow 

    [31mTest timeout of 30000ms exceeded while running "beforeEach" hook.[39m

       6 |
       7 | test.describe('Critical Fraud Investigation Workflow', () => {
    >  8 |   test.beforeEach(async ({ page }) => {
         |        ^
       9 |     // Login as analyst
      10 |     await page.goto('/login');
      11 |     await page.waitForSelector('[name="email"]');
        at /Users/Arief/Desktop/378x492/frontend/e2e/critical-workflows.spec.ts:8:8

    Error: page.waitForURL: Test timeout of 30000ms exceeded.
    =========================== logs ===========================
    waiting for navigation until "load"
    ============================================================

      15 |     
      16 |     // Handle landing page which could be root, dashboard, or projects
    > 17 |     await page.waitForURL(url => 
         |                ^
      18 |       url.pathname === '/' || 
      19 |       url.pathname === '/dashboard' || 
      20 |       url.pathname === '/projects'
        at /Users/Arief/Desktop/378x492/frontend/e2e/critical-workflows.spec.ts:17:16

    attachment #1: screenshot (image/png) ──────────────────────────────────────────────────────────
    test-results/critical-workflows-Critica-68af9-nd-evidence-upload-workflow-chromium/test-failed-1.png
    ────────────────────────────────────────────────────────────────────────────────────────────────

    Error Context: test-results/critical-workflows-Critica-68af9-nd-evidence-upload-workflow-chromium/error-context.md

    Retry #1 ───────────────────────────────────────────────────────────────────────────────────────

    [31mTest timeout of 30000ms exceeded while running "beforeEach" hook.[39m

       6 |
       7 | test.describe('Critical Fraud Investigation Workflow', () => {
    >  8 |   test.beforeEach(async ({ page }) => {
         |        ^
       9 |     // Login as analyst
      10 |     await page.goto('/login');
      11 |     await page.waitForSelector('[name="email"]');
        at /Users/Arief/Desktop/378x492/frontend/e2e/critical-workflows.spec.ts:8:8

    Error: page.waitForURL: Test timeout of 30000ms exceeded.
    =========================== logs ===========================
    waiting for navigation until "load"
    ============================================================

      15 |     
      16 |     // Handle landing page which could be root, dashboard, or projects
    > 17 |     await page.waitForURL(url => 
         |                ^
      18 |       url.pathname === '/' || 
      19 |       url.pathname === '/dashboard' || 
      20 |       url.pathname === '/projects'
        at /Users/Arief/Desktop/378x492/frontend/e2e/critical-workflows.spec.ts:17:16

    attachment #1: screenshot (image/png) ──────────────────────────────────────────────────────────
    test-results/critical-workflows-Critica-68af9-nd-evidence-upload-workflow-chromium-retry1/test-failed-1.png
    ────────────────────────────────────────────────────────────────────────────────────────────────

    Error Context: test-results/critical-workflows-Critica-68af9-nd-evidence-upload-workflow-chromium-retry1/error-context.md

    attachment #3: trace (application/zip) ─────────────────────────────────────────────────────────
    test-results/critical-workflows-Critica-68af9-nd-evidence-upload-workflow-chromium-retry1/trace.zip
    Usage:

        npx playwright show-trace test-results/critical-workflows-Critica-68af9-nd-evidence-upload-workflow-chromium-retry1/trace.zip

    ────────────────────────────────────────────────────────────────────────────────────────────────

  2) [firefox] › e2e/critical-workflows.spec.ts:43:3 › Critical Fraud Investigation Workflow › Complete case creation and evidence upload workflow 

    [31mTest timeout of 30000ms exceeded while running "beforeEach" hook.[39m

       6 |
       7 | test.describe('Critical Fraud Investigation Workflow', () => {
    >  8 |   test.beforeEach(async ({ page }) => {
         |        ^
       9 |     // Login as analyst
      10 |     await page.goto('/login');
      11 |     await page.waitForSelector('[name="email"]');
        at /Users/Arief/Desktop/378x492/frontend/e2e/critical-workflows.spec.ts:8:8

    Error: page.waitForURL: Test timeout of 30000ms exceeded.
    =========================== logs ===========================
    waiting for navigation until "load"
    ============================================================

      15 |     
      16 |     // Handle landing page which could be root, dashboard, or projects
    > 17 |     await page.waitForURL(url => 
         |                ^
      18 |       url.pathname === '/' || 
      19 |       url.pathname === '/dashboard' || 
      20 |       url.pathname === '/projects'
        at /Users/Arief/Desktop/378x492/frontend/e2e/critical-workflows.spec.ts:17:16

    attachment #1: screenshot (image/png) ──────────────────────────────────────────────────────────
    test-results/critical-workflows-Critica-68af9-nd-evidence-upload-workflow-firefox/test-failed-1.png
    ────────────────────────────────────────────────────────────────────────────────────────────────

    Error Context: test-results/critical-workflows-Critica-68af9-nd-evidence-upload-workflow-firefox/error-context.md

    Retry #1 ───────────────────────────────────────────────────────────────────────────────────────

    [31mTest timeout of 30000ms exceeded while running "beforeEach" hook.[39m

       6 |
       7 | test.describe('Critical Fraud Investigation Workflow', () => {
    >  8 |   test.beforeEach(async ({ page }) => {
         |        ^
       9 |     // Login as analyst
      10 |     await page.goto('/login');
      11 |     await page.waitForSelector('[name="email"]');
        at /Users/Arief/Desktop/378x492/frontend/e2e/critical-workflows.spec.ts:8:8

    Error: page.waitForURL: Test timeout of 30000ms exceeded.
    =========================== logs ===========================
    waiting for navigation until "load"
    ============================================================

      15 |     
      16 |     // Handle landing page which could be root, dashboard, or projects
    > 17 |     await page.waitForURL(url => 
         |                ^
      18 |       url.pathname === '/' || 
      19 |       url.pathname === '/dashboard' || 
      20 |       url.pathname === '/projects'
        at /Users/Arief/Desktop/378x492/frontend/e2e/critical-workflows.spec.ts:17:16

    attachment #1: screenshot (image/png) ──────────────────────────────────────────────────────────
    test-results/critical-workflows-Critica-68af9-nd-evidence-upload-workflow-firefox-retry1/test-failed-1.png
    ────────────────────────────────────────────────────────────────────────────────────────────────

    Error Context: test-results/critical-workflows-Critica-68af9-nd-evidence-upload-workflow-firefox-retry1/error-context.md

    attachment #3: trace (application/zip) ─────────────────────────────────────────────────────────
    test-results/critical-workflows-Critica-68af9-nd-evidence-upload-workflow-firefox-retry1/trace.zip
    Usage:

        npx playwright show-trace test-results/critical-workflows-Critica-68af9-nd-evidence-upload-workflow-firefox-retry1/trace.zip

    ────────────────────────────────────────────────────────────────────────────────────────────────

  3) [webkit] › e2e/critical-workflows.spec.ts:43:3 › Critical Fraud Investigation Workflow › Complete case creation and evidence upload workflow 

    [31mTest timeout of 30000ms exceeded while running "beforeEach" hook.[39m

       6 |
       7 | test.describe('Critical Fraud Investigation Workflow', () => {
    >  8 |   test.beforeEach(async ({ page }) => {
         |        ^
       9 |     // Login as analyst
      10 |     await page.goto('/login');
      11 |     await page.waitForSelector('[name="email"]');
        at /Users/Arief/Desktop/378x492/frontend/e2e/critical-workflows.spec.ts:8:8

    Error: page.waitForURL: Test timeout of 30000ms exceeded.
    =========================== logs ===========================
    waiting for navigation until "load"
    ============================================================

      15 |     
      16 |     // Handle landing page which could be root, dashboard, or projects
    > 17 |     await page.waitForURL(url => 
         |                ^
      18 |       url.pathname === '/' || 
      19 |       url.pathname === '/dashboard' || 
      20 |       url.pathname === '/projects'
        at /Users/Arief/Desktop/378x492/frontend/e2e/critical-workflows.spec.ts:17:16

    attachment #1: screenshot (image/png) ──────────────────────────────────────────────────────────
    test-results/critical-workflows-Critica-68af9-nd-evidence-upload-workflow-webkit/test-failed-1.png
    ────────────────────────────────────────────────────────────────────────────────────────────────

    Error Context: test-results/critical-workflows-Critica-68af9-nd-evidence-upload-workflow-webkit/error-context.md

    Retry #1 ───────────────────────────────────────────────────────────────────────────────────────

    [31mTest timeout of 30000ms exceeded while running "beforeEach" hook.[39m

       6 |
       7 | test.describe('Critical Fraud Investigation Workflow', () => {
    >  8 |   test.beforeEach(async ({ page }) => {
         |        ^
       9 |     // Login as analyst
      10 |     await page.goto('/login');
      11 |     await page.waitForSelector('[name="email"]');
        at /Users/Arief/Desktop/378x492/frontend/e2e/critical-workflows.spec.ts:8:8

    Error: page.waitForURL: Test timeout of 30000ms exceeded.
    =========================== logs ===========================
    waiting for navigation until "load"
    ============================================================

      15 |     
      16 |     // Handle landing page which could be root, dashboard, or projects
    > 17 |     await page.waitForURL(url => 
         |                ^
      18 |       url.pathname === '/' || 
      19 |       url.pathname === '/dashboard' || 
      20 |       url.pathname === '/projects'
        at /Users/Arief/Desktop/378x492/frontend/e2e/critical-workflows.spec.ts:17:16

    attachment #1: screenshot (image/png) ──────────────────────────────────────────────────────────
    test-results/critical-workflows-Critica-68af9-nd-evidence-upload-workflow-webkit-retry1/test-failed-1.png
    ────────────────────────────────────────────────────────────────────────────────────────────────

    Error Context: test-results/critical-workflows-Critica-68af9-nd-evidence-upload-workflow-webkit-retry1/error-context.md

    attachment #3: trace (application/zip) ─────────────────────────────────────────────────────────
    test-results/critical-workflows-Critica-68af9-nd-evidence-upload-workflow-webkit-retry1/trace.zip
    Usage:

        npx playwright show-trace test-results/critical-workflows-Critica-68af9-nd-evidence-upload-workflow-webkit-retry1/trace.zip

    ────────────────────────────────────────────────────────────────────────────────────────────────

  3 failed
    [chromium] › e2e/critical-workflows.spec.ts:43:3 › Critical Fraud Investigation Workflow › Complete case creation and evidence upload workflow 
    [firefox] › e2e/critical-workflows.spec.ts:43:3 › Critical Fraud Investigation Workflow › Complete case creation and evidence upload workflow 
    [webkit] › e2e/critical-workflows.spec.ts:43:3 › Critical Fraud Investigation Workflow › Complete case creation and evidence upload workflow 
