src/__tests__/badge.test.tsx(6,1): error TS6133: 'React' is declared but its value is never read.
src/__tests__/button.test.tsx(6,1): error TS6133: 'React' is declared but its value is never read.
src/__tests__/card.test.tsx(6,1): error TS6133: 'React' is declared but its value is never read.
src/__tests__/dialog.test.tsx(6,1): error TS6133: 'React' is declared but its value is never read.
src/__tests__/investigationcanvas.test.tsx(6,1): error TS6133: 'React' is declared but its value is never read.
src/__tests__/relationshipgraph.test.tsx(6,1): error TS6133: 'React' is declared but its value is never read.
src/__tests__/table.test.tsx(6,1): error TS6133: 'React' is declared but its value is never read.
src/App.tsx(2,1): error TS6133: 'secureLogger' is declared but its value is never read.
src/App.tsx(2,30): error TS2307: Cannot find module '../utils/secureLogger' or its corresponding type declarations.
src/components/advanced/ai/RagSearchInterface.tsx(2,1): error TS6133: 'secureLogger' is declared but its value is never read.
src/components/advanced/ai/RagSearchInterface.tsx(2,30): error TS2307: Cannot find module '../utils/secureLogger' or its corresponding type declarations.
src/components/ai/AdvancedComplianceDashboard.tsx(2,1): error TS6133: 'secureLogger' is declared but its value is never read.
src/components/ai/AdvancedComplianceDashboard.tsx(2,30): error TS2307: Cannot find module '../utils/secureLogger' or its corresponding type declarations.
src/components/ai/CodeReviewDashboard.tsx(2,1): error TS6133: 'secureLogger' is declared but its value is never read.
src/components/ai/CodeReviewDashboard.tsx(2,30): error TS2307: Cannot find module '../utils/secureLogger' or its corresponding type declarations.
src/components/ai/PredictiveMaintenanceDashboard.tsx(2,1): error TS6133: 'secureLogger' is declared but its value is never read.
src/components/ai/PredictiveMaintenanceDashboard.tsx(2,30): error TS2307: Cannot find module '../utils/secureLogger' or its corresponding type declarations.
src/components/collaboration/CollaborativeEditor.tsx(2,1): error TS6133: 'secureLogger' is declared but its value is never read.
src/components/collaboration/CollaborativeEditor.tsx(2,30): error TS2307: Cannot find module '../utils/secureLogger' or its corresponding type declarations.
src/components/dashboard/AIWatchtower.tsx(2,1): error TS6133: 'secureLogger' is declared but its value is never read.
src/components/dashboard/AIWatchtower.tsx(2,30): error TS2307: Cannot find module '../utils/secureLogger' or its corresponding type declarations.
src/components/dashboard/MovableDashboard.tsx(132,17): error TS2322: Type '{ children: Element[]; className: string; layouts: any; breakpoints: { lg: number; md: number; sm: number; xs: number; xxs: number; }; cols: { lg: number; md: number; sm: number; xs: number; xxs: number; }; ... 4 more ...; margin: [...]; }' is not assignable to type 'IntrinsicAttributes & ResponsiveGridLayoutProps<string>'.
  Property 'isDraggable' does not exist on type 'IntrinsicAttributes & ResponsiveGridLayoutProps<string>'.
src/components/ErrorBoundary.tsx(2,1): error TS6133: 'secureLogger' is declared but its value is never read.
src/components/fraud/FraudRuleBuilder.tsx(280,16): error TS2367: This comparison appears to be unintentional because the types '"velocity"' and '"amount"' have no overlap.
src/components/graph/EntityGraph3DWebGL.tsx(3,1): error TS6133: 'useResizeObserver' is declared but its value is never read.
src/components/graph/EntityGraph3DWebGL.tsx(34,17): error TS2554: Expected 1 arguments, but got 0.
src/components/ingestion/IngestionStepper.tsx(6,46): error TS6133: 'ArrowRight' is declared but its value is never read.
src/components/ingestion/IngestionStepper.tsx(71,49): error TS2554: Expected 2 arguments, but got 1.
src/components/MemoryMonitor.tsx(23,23): error TS2339: Property 'current' does not exist on type 'MemoryMonitor'.
src/components/MemoryMonitor.tsx(25,37): error TS2339: Property 'current' does not exist on type 'MemoryMonitor'.
src/components/MemoryMonitor.tsx(25,74): error TS2339: Property 'current' does not exist on type 'MemoryMonitor'.
src/components/MemoryMonitor.tsx(43,41): error TS2554: Expected 0 arguments, but got 1.
src/components/MemoryMonitor.tsx(59,21): error TS2339: Property 'current' does not exist on type 'MemoryMonitor'.
src/components/MemoryMonitor.tsx(64,40): error TS2339: Property 'current' does not exist on type 'MemoryMonitor'.
src/components/MemoryMonitor.tsx(70,40): error TS2339: Property 'current' does not exist on type 'MemoryMonitor'.
src/components/MemoryMonitor.tsx(76,40): error TS2339: Property 'current' does not exist on type 'MemoryMonitor'.
src/components/MemoryMonitor.tsx(84,32): error TS2339: Property 'current' does not exist on type 'MemoryMonitor'.
src/components/MemoryMonitor.tsx(84,69): error TS2339: Property 'current' does not exist on type 'MemoryMonitor'.
src/components/MemoryMonitor.tsx(95,51): error TS2339: Property 'current' does not exist on type 'MemoryMonitor'.
src/components/MemoryMonitor.tsx(95,88): error TS2339: Property 'current' does not exist on type 'MemoryMonitor'.
src/components/MemoryMonitor.tsx(102,47): error TS2339: Property 'activeTimers' does not exist on type 'MemoryMonitor'.
src/components/MemoryMonitor.tsx(103,44): error TS2339: Property 'registeredComponents' does not exist on type 'MemoryMonitor'.
src/components/RelationshipGraph.tsx(2,58): error TS1149: File name '/Users/Arief/Desktop/378x492/frontend/src/components/ui/card.tsx' differs from already included file name '/Users/Arief/Desktop/378x492/frontend/src/components/ui/Card.tsx' only in casing.
  The file is in the program because:
    Imported via '@/components/ui/Card' from file '/Users/Arief/Desktop/378x492/frontend/src/components/ApprovalQueue.tsx'
    Imported via '../ui/Card' from file '/Users/Arief/Desktop/378x492/frontend/src/components/dashboard/ProofVisualizationCard.tsx'
    Imported via '@/components/ui/Card' from file '/Users/Arief/Desktop/378x492/frontend/src/components/dashboard/CostOptimizationWidget.tsx'
    Imported via '../ui/Card' from file '/Users/Arief/Desktop/378x492/frontend/src/components/evidence/MensReaAnalyzer.tsx'
    Imported via '../ui/Card' from file '/Users/Arief/Desktop/378x492/frontend/src/components/evidence/HypothesisBoard.tsx'
    Imported via '@/components/ui/Card' from file '/Users/Arief/Desktop/378x492/frontend/src/pages/DesignSystemShowcase.tsx'
    Imported via './ui/card' from file '/Users/Arief/Desktop/378x492/frontend/src/components/RelationshipGraph.tsx'
    Imported via '@/components/ui/Card' from file '/Users/Arief/Desktop/378x492/frontend/src/pages/AgentApprovals.tsx'
    Imported via '@/components/ui/Card' from file '/Users/Arief/Desktop/378x492/frontend/src/pages/ProjectSelection.tsx'
    Imported via '@/components/ui/Card' from file '/Users/Arief/Desktop/378x492/frontend/src/pages/ComplianceMonitoring.tsx'
    Imported via '@/components/ui/Card' from file '/Users/Arief/Desktop/378x492/frontend/src/components/compliance/SARCreationWizard.tsx'
    Imported via '@/components/ui/Card' from file '/Users/Arief/Desktop/378x492/frontend/src/pages/RegulatoryIntelligence.tsx'
    Imported via '@/components/ui/Card' from file '/Users/Arief/Desktop/378x492/frontend/src/pages/SystemDiagnosticsCenter.tsx'
    Imported via '@/components/ui/Card' from file '/Users/Arief/Desktop/378x492/frontend/src/pages/EnhancedEvidenceLocker.tsx'
    Imported via '../components/ui/Card' from file '/Users/Arief/Desktop/378x492/frontend/src/__tests__/card.test.tsx'
    Imported via '../components/ui/Card' from file '/Users/Arief/Desktop/378x492/frontend/src/__tests__/components.test.tsx'
    Imported via '../components/ui/Card' from file '/Users/Arief/Desktop/378x492/frontend/src/__tests__/components.test.tsx'
    Imported via '@/components/ui/Card' from file '/Users/Arief/Desktop/378x492/frontend/src/components/CollaborativeEditor.tsx'
    Imported via './ui/Card' from file '/Users/Arief/Desktop/378x492/frontend/src/components/UpdateManager.tsx'
    Imported via '@/components/ui/Card' from file '/Users/Arief/Desktop/378x492/frontend/src/components/advanced/ai/AiPerformanceMonitor.tsx'
    Imported via '@/components/ui/Card' from file '/Users/Arief/Desktop/378x492/frontend/src/components/advanced/ai/MultimodalAnalyzer.tsx'
    Imported via '@/components/ui/Card' from file '/Users/Arief/Desktop/378x492/frontend/src/components/advanced/ai/RagSearchInterface.tsx'
    Imported via '@/components/ui/Card' from file '/Users/Arief/Desktop/378x492/frontend/src/components/advanced/ai/RedTeamDashboard.tsx'
    Imported via '../ui/Card' from file '/Users/Arief/Desktop/378x492/frontend/src/components/collaboration/CollaborativeEditor.tsx'
    Imported via '@/components/ui/Card' from file '/Users/Arief/Desktop/378x492/frontend/src/components/collaboration/EvidenceBoard.tsx'
    Imported via '@/components/ui/Card' from file '/Users/Arief/Desktop/378x492/frontend/src/components/collaboration/HypothesisBoard.tsx'
    Imported via '@/components/ui/Card' from file '/Users/Arief/Desktop/378x492/frontend/src/components/collaboration/MensReaAnalyzer.tsx'
    Imported via '@/components/ui/Card' from file '/Users/Arief/Desktop/378x492/frontend/src/components/intelligence/AutoReportGenerator.tsx'
    Imported via '@/components/ui/Card' from file '/Users/Arief/Desktop/378x492/frontend/src/components/intelligence/CourtDocumentGenerator.tsx'
    Imported via '@/components/ui/Card' from file '/Users/Arief/Desktop/378x492/frontend/src/components/intelligence/PredictiveDashboard.tsx'
    Imported via '../ui/Card' from file '/Users/Arief/Desktop/378x492/frontend/src/components/monitoring/PerformanceDashboard.tsx'
    Matched by include pattern 'src' in '/Users/Arief/Desktop/378x492/frontend/tsconfig.json'
    Imported via './Card' from file '/Users/Arief/Desktop/378x492/frontend/src/components/ui/SemanticSearch.tsx'
    Imported via '@/components/ui/Card' from file '/Users/Arief/Desktop/378x492/frontend/src/pages/AdvancedAiHub.tsx'
src/components/RelationshipGraph.tsx(4,23): error TS1149: File name '/Users/Arief/Desktop/378x492/frontend/src/components/ui/badge.tsx' differs from already included file name '/Users/Arief/Desktop/378x492/frontend/src/components/ui/Badge.tsx' only in casing.
  The file is in the program because:
    Imported via '@/components/ui/Badge' from file '/Users/Arief/Desktop/378x492/frontend/src/components/ApprovalQueue.tsx'
    Imported via '../ui/Badge' from file '/Users/Arief/Desktop/378x492/frontend/src/components/dashboard/ProofVisualizationCard.tsx'
    Imported via '@/components/ui/Badge' from file '/Users/Arief/Desktop/378x492/frontend/src/components/dashboard/CostOptimizationWidget.tsx'
    Imported via './ui/badge' from file '/Users/Arief/Desktop/378x492/frontend/src/components/RelationshipGraph.tsx'
    Imported via '@/components/ui/Badge' from file '/Users/Arief/Desktop/378x492/frontend/src/pages/AgentApprovals.tsx'
    Imported via '@/components/ui/Badge' from file '/Users/Arief/Desktop/378x492/frontend/src/pages/ComplianceMonitoring.tsx'
    Imported via '@/components/ui/Badge' from file '/Users/Arief/Desktop/378x492/frontend/src/pages/RegulatoryIntelligence.tsx'
    Imported via '@/components/ui/Badge' from file '/Users/Arief/Desktop/378x492/frontend/src/pages/SystemDiagnosticsCenter.tsx'
    Imported via '@/components/ui/Badge' from file '/Users/Arief/Desktop/378x492/frontend/src/pages/EnhancedEvidenceLocker.tsx'
    Imported via '../components/ui/Badge' from file '/Users/Arief/Desktop/378x492/frontend/src/__tests__/badge.test.tsx'
    Imported via '../components/ui/Badge' from file '/Users/Arief/Desktop/378x492/frontend/src/__tests__/components.test.tsx'
    Imported via '../components/ui/Badge' from file '/Users/Arief/Desktop/378x492/frontend/src/__tests__/components.test.tsx'
    Imported via '@/components/ui/Badge' from file '/Users/Arief/Desktop/378x492/frontend/src/components/investigation/InvestigationCanvas.tsx'
    Imported via '@/components/ui/Badge' from file '/Users/Arief/Desktop/378x492/frontend/src/components/CollaborativeEditor.tsx'
    Imported via './ui/Badge' from file '/Users/Arief/Desktop/378x492/frontend/src/components/UpdateManager.tsx'
    Imported via '@/components/ui/Badge' from file '/Users/Arief/Desktop/378x492/frontend/src/components/advanced/ai/AiPerformanceMonitor.tsx'
    Imported via '@/components/ui/Badge' from file '/Users/Arief/Desktop/378x492/frontend/src/components/advanced/ai/MultimodalAnalyzer.tsx'
    Imported via '@/components/ui/Badge' from file '/Users/Arief/Desktop/378x492/frontend/src/components/advanced/ai/RagSearchInterface.tsx'
    Imported via '@/components/ui/Badge' from file '/Users/Arief/Desktop/378x492/frontend/src/components/advanced/ai/RedTeamDashboard.tsx'
    Imported via '@/components/ui/Badge' from file '/Users/Arief/Desktop/378x492/frontend/src/components/collaboration/EvidenceBoard.tsx'
    Imported via '@/components/ui/Badge' from file '/Users/Arief/Desktop/378x492/frontend/src/components/collaboration/HypothesisBoard.tsx'
    Imported via '@/components/ui/Badge' from file '/Users/Arief/Desktop/378x492/frontend/src/components/collaboration/MensReaAnalyzer.tsx'
    Imported via '@/components/ui/Badge' from file '/Users/Arief/Desktop/378x492/frontend/src/components/intelligence/AutoReportGenerator.tsx'
    Imported via '@/components/ui/Badge' from file '/Users/Arief/Desktop/378x492/frontend/src/components/intelligence/CourtDocumentGenerator.tsx'
    Imported via '@/components/ui/Badge' from file '/Users/Arief/Desktop/378x492/frontend/src/components/intelligence/PredictiveDashboard.tsx'
    Imported via '../ui/Badge' from file '/Users/Arief/Desktop/378x492/frontend/src/components/monitoring/PerformanceDashboard.tsx'
    Matched by include pattern 'src' in '/Users/Arief/Desktop/378x492/frontend/tsconfig.json'
