Document analysis not available - install pymupdf, python-docx, and pandas
Document analysis not available - install pymupdf, python-docx, and pandas
/Users/Arief/Library/Python/3.9/lib/python/site-packages/urllib3/__init__.py:35: NotOpenSSLWarning: urllib3 v2 only supports OpenSSL 1.1.1+, currently the 'ssl' module is compiled with 'LibreSSL 2.8.3'. See: https://github.com/urllib3/urllib3/issues/3020
  warnings.warn(
INFO:     Started server process [30536]
INFO:     Waiting for application startup.
2025-12-17 07:56:16 - 378x492 - INFO - main:193 - Starting 378x492 Fraud Detection API
2025-12-17 07:56:16 - 378x492 - INFO - main:197 - Database tables created successfully
2025-12-17 07:56:16 - 378x492 - INFO - main:208 - Monitoring services disabled for debugging
2025-12-17 07:56:16 - 378x492 - INFO - main:222 - Collaboration WebSocket server disabled (set ENABLE_COLLABORATION_WS=true to enable)
2025-12-17 07:56:16 - 378x492 - INFO - main:226 - 378x492 API startup completed successfully
INFO:     Application startup complete.
INFO:     Uvicorn running on http://0.0.0.0:8000 (Press CTRL+C to quit)
2025-12-17 07:56:26 - 378x492 - DEBUG - main:91 - Safe call failed for get_current_metrics: (pid=30245)
Slow request: GET /health took 1.01s
2025-12-17 07:56:26 - 378x492 - INFO - logging:136 - HTTP request
Slow request: GET /health took 1.02s
INFO:     127.0.0.1:57877 - "GET /health HTTP/1.1" 200 OK
2025-12-17 07:58:44 - 378x492 - INFO - logging:136 - HTTP request
INFO:     127.0.0.1:58292 - "GET /docs HTTP/1.1" 200 OK
