Redis initialization failed: Error 61 connecting to localhost:6379. Connection refused.. Continuing with memory-only cache.
2025-12-17 20:16:56 - 378x492 - INFO - monitoring_service:165 - Restored monitoring state from disk
============================= test session starts ==============================
platform darwin -- Python 3.12.12, pytest-9.0.2, pluggy-1.6.0 -- /Users/Arief/Desktop/378x492/backend/venv/bin/python
cachedir: .pytest_cache
rootdir: /Users/Arief/Desktop/378x492
configfile: pytest.ini
plugins: anyio-4.12.0, asyncio-1.3.0, cov-7.0.0
asyncio: mode=Mode.STRICT, debug=False, asyncio_default_fixture_loop_scope=None, asyncio_default_test_loop_scope=function
collecting ... collected 1 item

backend/tests/test_api_auth_comprehensive.py::TestAuthRegistration::test_register_duplicate_email_fails 2025-12-17 20:16:58 - 378x492 - INFO - main:190 - Starting 378x492 Fraud Detection API
2025-12-17 20:16:58 - 378x492 - INFO - main:196 - Database tables created successfully (Development Mode)
2025-12-17 20:16:58 - 378x492 - INFO - main:213 - Monitoring services disabled for debugging
2025-12-17 20:16:58 - 378x492 - INFO - main:222 - Collaboration WebSocket server starting on ws://localhost:8080
2025-12-17 20:16:58 - 378x492 - INFO - main:231 - 378x492 API startup completed successfully
DEBUG: get_user_by_email(test@example.com) not found. Existing: ['test@example.com']
2025-12-17 20:16:58 - 378x492 - INFO - auth:84 - New user registered: differentuser
2025-12-17 20:16:59 - 378x492 - INFO - logging:136 - HTTP request
FAILED2025-12-17 20:16:59 - 378x492 - INFO - main:245 - Shutting down 378x492 Fraud Detection API
2025-12-17 20:16:59 - 378x492 - ERROR - main:264 - Error during shutdown

ERROR: Coverage failure: total of 29 is less than fail-under=80


=================================== FAILURES ===================================
___________ TestAuthRegistration.test_register_duplicate_email_fails ___________
backend/tests/test_api_auth_comprehensive.py:72: in test_register_duplicate_email_fails
    assert response.status_code == 409
E   assert 201 == 409
E    +  where 201 = <Response [201 Created]>.status_code
================================ tests coverage ================================
______________ coverage: platform darwin, python 3.12.12-final-0 _______________

Name                                                                        Stmts   Miss  Cover   Missing
---------------------------------------------------------------------------------------------------------
backend/__init__.py                                                             0      0   100%
backend/app/__init__.py                                                         0      0   100%
backend/app/middleware/rate_limit.py                                           45     28    38%   19-56, 70-84
backend/app/monitoring.py                                                     131    131     0%   13-343
backend/app/performance.py                                                    136    136     0%   13-345
backend/app/routers/admin.py                                                   96     63    34%   24-27, 33-36, 61-67, 76-85, 91-100, 106-128, 136-154, 163-171, 179-203, 209-233
backend/app/routers/advanced_ai.py                                             40     14    65%   28-29, 35-36, 42-47, 53, 59-60, 66
backend/app/routers/ai.py                                                     360    250    31%   117-128, 147-180, 194-203, 216-231, 243-254, 267-275, 285-291, 302-310, 321-342, 352-365, 389-416, 432-438, 447-473, 481-506, 518-531, 541-563, 573-592, 600-612, 622-635, 643-726, 736-796, 803-861, 869-904, 912-936
backend/app/routers/analytics.py                                               89     50    44%   22-25, 31-34, 47-56, 64-75, 83-104, 121-166, 174-186
backend/app/routers/apm.py                                                    193    157    19%   34-45, 70-100, 125-160, 185-230, 257-278, 303-318, 341-354, 383-404, 418-432, 445-458, 483-501, 526-547, 560-686
backend/app/routers/audit.py                                                   18      5    72%   12, 18-21, 32
backend/app/routers/auth.py                                                   137     84    39%   57, 68, 76, 95-99, 111-185, 201-222, 231-252, 258-297, 303
backend/app/routers/backup.py                                                 223    146    35%   48-56, 136-175, 187-226, 237-246, 259-282, 293-305, 316-363, 374-400, 410-420, 435-489, 497-503, 508-517, 522-556, 565-602
backend/app/routers/cases.py                                                  170    106    38%   23-26, 32-35, 40, 43, 46-57, 60, 63, 66-72, 75, 80, 116-162, 172, 184-226, 240, 246-269, 275-314, 320-329, 338-348, 354-371
backend/app/routers/collaboration.py                                           30     16    47%   23, 31-34, 42, 52-56, 69-77
backend/app/routers/diagnostics.py                                            236    232     2%   7-432
backend/app/routers/evidence.py                                               161    121    25%   38-41, 47-50, 85-132, 138-160, 168-172, 180-184, 205-417, 422-444
backend/app/routers/fraud.py                                                   50     32    36%   26-32, 42-48, 59-75, 84-96
backend/app/routers/fraud_rules.py                                             64     33    48%   30-42, 57-66, 71-75, 88-116, 121-122, 127, 131
backend/app/routers/graph.py                                                  229    167    27%   23-26, 32-35, 69-100, 108-133, 141-167, 178-239, 245-253, 263-301, 311-321, 331-342, 350-394, 402-450, 456-474, 480-490, 500-547, 553-592
backend/app/routers/logging.py                                                143    107    25%   26-48, 59-71, 84-96, 114-133, 172-215, 238-250, 279-298, 323-340, 365-379, 410-451, 467-486, 499-522, 538-551
backend/app/routers/metadata.py                                                52     28    46%   51-71, 82, 103, 139-155, 161
backend/app/routers/metrics.py                                                 51     16    69%   31, 84, 92-96, 117-120, 128, 134, 140, 146, 152, 158-159, 165
backend/app/routers/multimodal.py                                             110     87    21%   38-87, 102-134, 149-219, 230, 256, 271-281
backend/app/routers/notifications.py                                          115     80    30%   23-26, 32-35, 46-63, 71-87, 95-114, 125-149, 159-166, 174-269, 277-288, 298-312, 322-336
backend/app/routers/onboarding.py                                              26      9    65%   29, 40-54
backend/app/routers/proof.py                                                  142    102    28%   41, 47-50, 79-106, 135-169, 191-202, 221-228, 249-261, 267-274, 294-308, 332-392, 412-568
backend/app/routers/realtime_sync.py                                          141    114    19%   19-51, 56-106, 115, 126-137, 145-174, 180-225, 233-251, 257-277, 283-313
backend/app/routers/reconciliation.py                                          90     46    49%   23-24, 53-70, 78-79, 87-88, 96-110, 122-123, 132, 146-156, 165-175
backend/app/routers/reporting.py                                              145     29    80%   138, 155, 174, 188-200, 213, 271, 343-344, 375-390, 407, 416, 439
backend/app/routers/search.py                                                  34     20    41%   20-24, 30-34, 40-44, 50-54
backend/app/routers/semantic_search.py                                        145    118    19%   23-28, 51-73, 92-146, 171-222, 241-260, 277-296, 313-331, 342-411, 430-455
backend/app/routers/stats.py                                                   98     69    30%   36-102, 114-201, 208-251, 277-292
backend/app/routers/streaming.py                                               45     30    33%   25-56, 73-77, 93-129, 145-147, 164-169
backend/app/routers/users.py                                                   48     31    35%   13, 19-22, 49-69, 75-98, 104-123
backend/app/routers/websocket.py                                              131    101    23%   39-50, 54-64, 68-72, 76-87, 91-100, 112-150, 159-212, 221-285, 291, 304, 316
backend/app/services/__init__.py                                                0      0   100%
backend/app/services/ai/ai_fraud_detector.py                                  146    125    14%   18-39, 43-54, 60-156, 160-167, 173-212, 223-264, 273-307, 311-314, 326
backend/app/services/ai/ai_service.py                                         466    406    13%   37-50, 55-80, 104-112, 117, 121, 126-127, 131, 137-153, 157-163, 167-199, 203-223, 227-239, 245-277, 281-317, 323-365, 371-397, 403-417, 423-450, 462-540, 552-599, 610-662, 673-678, 684-734, 753-760, 764-808, 817-875, 881-903, 908, 923, 945-973, 982
backend/app/services/ai/local_rag_engine.py                                    51     33    35%   29-32, 36-46, 50-87, 90
backend/app/services/ai/multimodal/multimodal_analyzer.py                      27     17    37%   24-61, 66-69
backend/app/services/business/case_service.py                                  45     32    29%   20, 30-37, 48-58, 62-72, 76-82, 86-91
backend/app/services/fraud/__init__.py                                          1      0   100%
backend/app/services/fraud/advanced_threat_detection_service.py               345    345     0%   11-899
backend/app/services/fraud/engine.py                                          149     98    34%   48-51, 58, 63, 73-76, 81-121, 124, 131-134, 146, 150, 157-185, 189-190, 194-196, 200-202, 206-208, 214-281, 285-293, 297
backend/app/services/fraud/fraud_detection.py                                  41     41     0%   2-68
backend/app/services/fraud/fraud_rules_engine.py                                0      0   100%
backend/app/services/fraud/fraud_service.py                                    63     49    22%   20-21, 27-98, 102-128, 134-154
backend/app/services/fraud/rule_engine.py                                     141    141     0%   6-446
backend/app/services/fraud_service 2.py                                        65     65     0%   2-156
backend/app/services/geocoding_service.py                                       2      1    50%   4
backend/app/services/graph_service.py                                          29     15    48%   16-22, 25-27, 30, 37, 40, 43, 46
backend/app/services/immutable_audit_chain.py                                  10      4    60%   5, 12, 19, 25
backend/app/services/infrastructure/apm_service.py                            216    132    39%   15-16, 43-48, 52-54, 80, 91-103, 107-122, 126-185, 191-196, 200-233, 246-275, 290-298, 320-327, 340-397, 402-403, 407-417, 423, 430, 435, 440, 450, 480, 490-500, 505-506, 508-509, 527-529
backend/app/services/infrastructure/auth_service.py                           167     95    43%   24, 37-40, 72, 78-97, 101-113, 117-132, 182-227, 233-280, 288-296, 301-319, 326, 331, 334, 337, 340, 351
backend/app/services/infrastructure/cache_service.py                          267    168    37%   16-18, 43-44, 47, 109, 118, 122-125, 129-132, 136-142, 146-149, 153, 157-168, 178, 183, 186, 198-200, 207-270, 276-314, 318-340, 344-374, 378-382, 386-428, 442-455, 459-472, 475, 492, 497, 502
backend/app/services/infrastructure/monitoring_service.py                     240    130    46%   22-23, 32-33, 111-127, 132, 149-154, 162-163, 166-167, 171-176, 183-268, 287-297, 313-328, 331-346, 360, 372, 377-379, 387-389, 392-398, 405, 426-431, 448-456
backend/app/services/infrastructure/performance_monitor.py                    228    173    24%   30-33, 37-39, 43-59, 63, 76-90, 96, 107, 113-122, 128-135, 164-171, 177-185, 189-215, 219-228, 232-252, 256-277, 281-311, 316-319, 325-380, 384-452, 458-504, 508-526, 536-549, 553-564, 568-605, 609, 613, 628-640, 654, 686-700
backend/app/services/infrastructure/security/audit_service.py                 189    120    37%   136-147, 161-201, 233-234, 238-258, 275, 279, 289, 299-328, 343-345, 373-376, 388-434, 440-505, 509-563
backend/app/services/infrastructure/storage/backup_service.py                 387    338    13%   31-81, 85-92, 101-105, 111-178, 186-257, 261-273, 282-284, 288-306, 315-337, 345-362, 370-380, 386-409, 413-419, 423-430, 434-439, 443-452, 456-464, 470-484, 488-504, 508-558, 562-567, 575-624, 630-644, 648-667, 671-695, 699-716, 720, 741, 745-790, 794-803, 813-838
backend/app/services/infrastructure/storage/database_optimizer_service.py     117     95    19%   28, 32-67, 73-111, 124-145, 151-177, 191, 207-219, 223-247, 251-263, 267-294
backend/app/services/infrastructure/storage/database_service.py               248    195    21%   30, 39-91, 107-109, 114-118, 128-145, 151-179, 183-189, 195, 209-240, 244-263, 275-277, 291-316, 319-320, 328-343, 347-352, 358-368, 374-375, 384-389, 395-402, 408-413, 419-423, 429-430, 442-451, 455-456, 473-477, 486, 492, 496, 502, 506, 511-513, 517-519, 527-529, 533-535, 542-586
backend/app/services/integration/collaboration/collaboration_service.py       244    174    29%   73-74, 79-81, 85-92, 96-204, 214-229, 247-261, 280, 290-303, 321-330, 350, 369-388, 398, 409-420, 426-434, 442-444, 449-450, 454, 465, 472-490, 506, 516-523, 527, 531-559, 563-566, 570-595, 599-614, 618-625, 629, 633, 643, 649, 653
backend/app/services/integration/collaboration/sync_service.py                230    164    29%   11-12, 15, 18-19, 22-25, 28-30, 68-71, 78-82, 86-113, 117-118, 126-129, 133-136, 140-150, 156-161, 174-179, 190, 202-211, 229-248, 252, 256, 260-275, 279-284, 293-295, 305-314, 322-362, 370-406, 417-438, 442-448, 457-479
backend/app/services/intelligence/__init__.py                                   2      0   100%
backend/app/services/intelligence/evidence_processor.py                       171    129    25%   27, 72-75, 90-131, 139-163, 182-236, 256-276, 292-312, 325-353, 359-367, 379-386, 390, 422-435
backend/app/services/intelligence/evidence_service.py                         487    420    14%   20-24, 44-47, 122-167, 175-176, 186-277, 290-353, 359-427, 431-465, 469-490, 494-521, 525-547, 551-592, 598-612, 618-655, 661-689, 695-718, 724-759, 765-795, 801-838, 844-870, 876-931, 935-961, 965-966, 970-972, 976-1003, 1007-1022, 1026-1059, 1063-1077, 1081-1086, 1099-1100
backend/app/services/intelligence/fraud_detection_engine.py                   176    176     0%   12-493
backend/app/services/intelligence/geocoding_service.py                        128    128     0%   6-319
backend/app/services/intelligence/graph_service.py                            180    180     0%   1-486
backend/app/services/intelligence/graph_visualization_service.py               14     14     0%   5-37
backend/app/services/intelligence/metadata_correlation_service.py             109    109     0%   2-214
backend/app/services/intelligence/metadata_extraction_service.py              140    140     0%   8-345
backend/app/services/intelligence/reconciliation_service.py                    53     53     0%   1-168
backend/app/services/intelligence/semantic_search_service.py                  258    258     0%   2-560
backend/app/services/intelligence/timeline_reconstruction.py                  102    102     0%   5-289
backend/app/services/intelligence/vector_optimizer.py                          92     92     0%   1-366
backend/app/services/intelligence/vector_store.py                              20     20     0%   5-30
backend/app/services/logging_service.py                                        53     11    79%   35, 38, 41, 44, 47, 50, 53, 56, 60, 65, 69
backend/app/services/metadata_correlation_service.py                            5      2    60%   7, 10
backend/app/services/metadata_extraction_service.py                            24      2    92%   27, 35
backend/app/services/notification_service.py                                   34      4    88%   34, 37, 40, 43
backend/app/services/reconciliation_service.py                                  9      4    56%   5, 8, 16, 22
backend/app/services/search_service.py                                          8      2    75%   12-13
backend/app/services/semantic_search_service.py                                30     18    40%   6-10, 14-19, 24-25, 28, 31, 34, 37, 40
backend/app/services/temporal_burst_detector.py                                 6      1    83%   8
backend/app/services/workflow/red_team_persona.py                              19     11    42%   40-55, 58
backend/core/api_documentation.py                                              16      8    50%   10-180
backend/core/csrf_protection.py                                                86     53    38%   39-49, 62-77, 82-88, 102-103, 117-118, 155, 161-164, 171-240, 254-266, 280-286
backend/core/database.py                                                      543    101    81%   717-742, 748, 755-756, 760-794, 798-819, 823-865, 869-890, 894, 906-989, 1019-1023, 1032-1039
backend/core/eav/models.py                                                     31      0   100%
backend/core/feature_flags/models.py                                           16      0   100%
backend/core/logging.py                                                       141     89    37%   15-38, 128, 138-149, 159-180, 190-217, 224-247, 262-282
backend/core/performance.py                                                    89     44    51%   104, 113-143, 148, 153, 158, 163, 168, 173, 178, 183, 190-191, 194-195, 198-206, 212
backend/core/plugin_system/__init__.py                                          4      0   100%
backend/core/plugin_system/interface.py                                        37      6    84%   23, 33, 38, 43, 48, 53
backend/core/plugin_system/models.py                                           48      0   100%
backend/core/plugin_system/registry.py                                         60     46    23%   18-19, 26-91, 97-114
backend/core/plugin_system/shadow_executor.py                                  65     36    45%   50-73, 85-135, 139-161, 165-170
backend/core/security/__init__.py                                              19     12    37%   12-19, 24-36
backend/core/security/encryption.py                                            52     23    56%   30-34, 42, 46-48, 57-60, 65-71, 75-81
backend/core/sentry_config.py                                                  66     51    23%   30-74, 90-109, 126-132, 147-153, 173, 178, 192-209
backend/core/validation.py                                                    162     65    60%   66-75, 85, 90-98, 110-120, 127-137, 143-153, 159-175, 180-192, 204-217, 223-234, 265-269, 276-280, 287-291, 306-310, 349-363, 384-386, 394-398
backend/main.py                                                               311    103    67%   84-89, 96-128, 133, 145, 178, 180, 201, 227, 235-240, 250-260, 285-286, 308, 384-389, 394-402, 463-495, 587-588, 596-597, 603-604, 609, 622-654, 665-669, 675-739, 754-756, 763-767, 778-790, 796-821, 837-848, 852-863
backend/middleware/__init__.py                                                  0      0   100%
backend/middleware/request_id.py                                               10      0   100%
backend/plugins/__init__.py                                                     0      0   100%
backend/reconciliation.py                                                      84     84     0%   1-195
backend/test_endpoints 2.py                                                    31     31     0%   7-47
backend/test_endpoints.py                                                      31     31     0%   7-47
backend/tests/conftest.py                                                      92     11    88%   13, 34-35, 53, 77-85, 148-151
backend/tests/test_api_auth_comprehensive.py                                  122     87    29%   16-28, 32-50, 54-61, 76-83, 92-109, 113-118, 122-127, 132-139, 147-155, 160-176, 180-184, 193-207, 211-215, 224-243, 248-258, 263-282, 299-309, 317-326, 330-335, 341-346
---------------------------------------------------------------------------------------------------------
TOTAL                                                                       12274   8671    29%
Coverage HTML written to dir htmlcov
FAIL Required test coverage of 80% not reached. Total coverage: 29.35%
=========================== short test summary info ============================
FAILED backend/tests/test_api_auth_comprehensive.py::TestAuthRegistration::test_register_duplicate_email_fails - assert 201 == 409
 +  where 201 = <Response [201 Created]>.status_code
======================== 1 failed, 5 warnings in 4.31s =========================
2025-12-17 20:17:03 - 378x492 - INFO - monitoring_service:125 - Saved monitoring state to disk
