Redis initialization failed: Error 61 connecting to localhost:6379. Connection refused.. Continuing with memory-only cache.
/Users/Arief/Desktop/378x492/backend/main.py:314: DeprecationWarning: 
        on_event is deprecated, use lifespan event handlers instead.

        Read more about it in the
        [FastAPI docs for Lifespan Events](https://fastapi.tiangolo.com/advanced/events/).
        
  @app.on_event("startup")
/Users/Arief/Desktop/378x492/backend/main.py:337: DeprecationWarning: 
        on_event is deprecated, use lifespan event handlers instead.

        Read more about it in the
        [FastAPI docs for Lifespan Events](https://fastapi.tiangolo.com/advanced/events/).
        
  @app.on_event("shutdown")
INFO:     Started server process [15309]
INFO:     Waiting for application startup.
{"timestamp": "2025-12-08T20:00:11.736140Z", "level": "INFO", "logger": "378x492", "message": "Starting Simple378 Fraud Detection API", "module": "main", "function": "startup_event", "line": 316}
{"timestamp": "2025-12-08T20:00:11.736958Z", "level": "ERROR", "logger": "378x492", "message": "Failed to start Simple378 API", "module": "main", "function": "startup_event", "line": 333}
ERROR:    Traceback (most recent call last):
  File "/Users/Arief/anaconda3/lib/python3.11/site-packages/starlette/routing.py", line 732, in lifespan
    async with self.lifespan_context(app) as maybe_state:
  File "/Users/Arief/anaconda3/lib/python3.11/site-packages/starlette/routing.py", line 608, in __aenter__
    await self._router.startup()
  File "/Users/Arief/anaconda3/lib/python3.11/site-packages/starlette/routing.py", line 709, in startup
    await handler()
  File "/Users/Arief/Desktop/378x492/backend/main.py", line 318, in startup_event
    create_tables()
  File "/Users/Arief/Desktop/378x492/backend/core/database.py", line 403, in create_tables
    Base.metadata.create_all(bind=engine)
  File "/Users/Arief/anaconda3/lib/python3.11/site-packages/sqlalchemy/sql/schema.py", line 5857, in create_all
    bind._run_ddl_visitor(
  File "/Users/Arief/anaconda3/lib/python3.11/site-packages/sqlalchemy/engine/base.py", line 3250, in _run_ddl_visitor
    with self.begin() as conn:
  File "/Users/Arief/anaconda3/lib/python3.11/contextlib.py", line 137, in __enter__
    return next(self.gen)
           ^^^^^^^^^^^^^^
  File "/Users/Arief/anaconda3/lib/python3.11/site-packages/sqlalchemy/engine/base.py", line 3240, in begin
    with self.connect() as conn:
         ^^^^^^^^^^^^^^
  File "/Users/Arief/anaconda3/lib/python3.11/site-packages/sqlalchemy/engine/base.py", line 3276, in connect
    return self._connection_cls(self)
           ^^^^^^^^^^^^^^^^^^^^^^^^^^
  File "/Users/Arief/anaconda3/lib/python3.11/site-packages/sqlalchemy/engine/base.py", line 146, in __init__
    self._dbapi_connection = engine.raw_connection()
                             ^^^^^^^^^^^^^^^^^^^^^^^
  File "/Users/Arief/anaconda3/lib/python3.11/site-packages/sqlalchemy/engine/base.py", line 3300, in raw_connection
    return self.pool.connect()
           ^^^^^^^^^^^^^^^^^^^
  File "/Users/Arief/anaconda3/lib/python3.11/site-packages/sqlalchemy/pool/base.py", line 449, in connect
    return _ConnectionFairy._checkout(self)
           ^^^^^^^^^^^^^^^^^^^^^^^^^^^^^^^^
  File "/Users/Arief/anaconda3/lib/python3.11/site-packages/sqlalchemy/pool/base.py", line 1263, in _checkout
    fairy = _ConnectionRecord.checkout(pool)
            ^^^^^^^^^^^^^^^^^^^^^^^^^^^^^^^^
  File "/Users/Arief/anaconda3/lib/python3.11/site-packages/sqlalchemy/pool/base.py", line 712, in checkout
    rec = pool._do_get()
          ^^^^^^^^^^^^^^
  File "/Users/Arief/anaconda3/lib/python3.11/site-packages/sqlalchemy/pool/impl.py", line 179, in _do_get
    with util.safe_reraise():
  File "/Users/Arief/anaconda3/lib/python3.11/site-packages/sqlalchemy/util/langhelpers.py", line 146, in __exit__
    raise exc_value.with_traceback(exc_tb)
  File "/Users/Arief/anaconda3/lib/python3.11/site-packages/sqlalchemy/pool/impl.py", line 177, in _do_get
    return self._create_connection()
           ^^^^^^^^^^^^^^^^^^^^^^^^^
  File "/Users/Arief/anaconda3/lib/python3.11/site-packages/sqlalchemy/pool/base.py", line 390, in _create_connection
    return _ConnectionRecord(self)
           ^^^^^^^^^^^^^^^^^^^^^^^
  File "/Users/Arief/anaconda3/lib/python3.11/site-packages/sqlalchemy/pool/base.py", line 674, in __init__
    self.__connect()
  File "/Users/Arief/anaconda3/lib/python3.11/site-packages/sqlalchemy/pool/base.py", line 914, in __connect
    )._exec_w_sync_on_first_run(self.dbapi_connection, self)
      ^^^^^^^^^^^^^^^^^^^^^^^^^^^^^^^^^^^^^^^^^^^^^^^^^^^^^^
  File "/Users/Arief/anaconda3/lib/python3.11/site-packages/sqlalchemy/event/attr.py", line 483, in _exec_w_sync_on_first_run
    self(*args, **kw)
  File "/Users/Arief/anaconda3/lib/python3.11/site-packages/sqlalchemy/event/attr.py", line 497, in __call__
    fn(*args, **kw)
  File "/Users/Arief/Desktop/378x492/backend/core/database.py", line 386, in set_sqlite_pragma
    encryption_key = get_encryption_key()
                     ^^^^^^^^^^^^^^^^^^^^
  File "/Users/Arief/Desktop/378x492/backend/core/database.py", line 350, in get_encryption_key
    raise ValueError(
ValueError: SQLCIPHER_KEY environment variable is required. Set it to a secure 32+ character key for production use.

ERROR:    Application startup failed. Exiting.
