Audio/Video processing libraries not available: No module named 'pydub'
2025-12-20 12:45:54 - 378x492 - INFO - monitoring_service:173 - Restored monitoring state from disk
The 'semantic-search' router is DEPRECATED and uses a MOCK engine. Use 'ai' router instead.
2025-12-20 12:45:58 - 378x492 - WARNING - main:493 - OpenTelemetry dependencies not found, skipping tracing setup
INFO:     Started server process [99860]
INFO:     Waiting for application startup.
2025-12-20 12:46:01 - 378x492 - INFO - main:184 - Starting 378x492 Fraud Detection API with 99.99% uptime target
2025-12-20 12:46:01 - 378x492 - INFO - main:189 - Phase 1: Database initialization
2025-12-20 12:46:01 - 378x492 - INFO - main:195 - Database tables created successfully (Development Mode)
2025-12-20 12:46:01 - 378x492 - INFO - main:214 - Database health check passed/degraded on attempt 1
2025-12-20 12:46:01 - 378x492 - INFO - main:242 - Boot Integrity Verified. Audit Root Hash: 3836ff886617fbcf6d0b89b89cdcda9094033a7b491a37d2bdfdbd1809926c15
2025-12-20 12:46:01 - 378x492 - INFO - main:252 - Phase 2: Service initialization with error handling
2025-12-20 12:46:01 - 378x492 - INFO - proactive_monitoring:50 - Starting proactive monitoring for 99.99% uptime
2025-12-20 12:46:01 - 378x492 - INFO - main:259 - ✅ Proactive monitoring started for 99.99% uptime
2025-12-20 12:46:01 - 378x492 - INFO - monitoring_service:385 - Monitoring service background thread started
2025-12-20 12:46:01 - 378x492 - INFO - main:264 - ℹ️ APM monitoring skipped (optional service)
2025-12-20 12:46:01 - 378x492 - INFO - main:269 - Phase 3: Circuit breaker and resilience initialization
2025-12-20 12:46:01 - 378x492 - INFO - main:277 - ✅ Circuit breaker 'database_connection' initialized
2025-12-20 12:46:01 - 378x492 - INFO - main:277 - ✅ Circuit breaker 'external_api_calls' initialized
2025-12-20 12:46:01 - 378x492 - INFO - main:282 - Phase 4: Final health verification
2025-12-20 12:46:02 - 378x492 - WARNING - performance_monitor:107 - Failed to collect network_connections: (pid=91839)
2025-12-20 12:46:02 - 378x492 - WARNING - performance_monitor:107 - Failed to collect network_connections: (pid=91839)
2025-12-20 12:46:03 - 378x492 - WARNING - performance_monitor:107 - Failed to collect network_connections: (pid=91839)
2025-12-20 12:46:03 - 378x492 - WARNING - performance_monitor:406 - Performance Alert [WARNING]: cpu_percent exceeded threshold: 100.0% > 90%
2025-12-20 12:46:03 - 378x492 - WARNING - performance_monitor:339 - Error checking alert rule high_cpu_usage: PerformanceMonitor._get_default_alert_rules.<locals>.<lambda>() missing 1 required positional argument: 'm'
2025-12-20 12:46:03 - 378x492 - WARNING - performance_monitor:339 - Error checking alert rule high_memory_usage: PerformanceMonitor._get_default_alert_rules.<locals>.<lambda>() missing 1 required positional argument: 'm'
2025-12-20 12:46:03 - 378x492 - WARNING - performance_monitor:339 - Error checking alert rule high_disk_usage: PerformanceMonitor._get_default_alert_rules.<locals>.<lambda>() missing 1 required positional argument: 'm'
2025-12-20 12:46:03 - 378x492 - WARNING - performance_monitor:339 - Error checking alert rule low_disk_space: PerformanceMonitor._get_default_alert_rules.<locals>.<lambda>() missing 1 required positional argument: 'm'
2025-12-20 12:46:03 - 378x492 - WARNING - performance_monitor:339 - Error checking alert rule high_process_count: PerformanceMonitor._get_default_alert_rules.<locals>.<lambda>() missing 1 required positional argument: 'm'
2025-12-20 12:46:04 - 378x492 - INFO - main:292 - 🎉 Application startup completed successfully in 2.55s
2025-12-20 12:46:04 - 378x492 - INFO - main:306 - Monitoring services initialized successfully
2025-12-20 12:46:04 - 378x492 - INFO - main:313 - WebSocket check: ENABLE_COLLABORATION_WS=true, enabled=True
2025-12-20 12:46:04 - 378x492 - INFO - main:318 - Collaboration WebSocket server starting on ws://localhost:8080
2025-12-20 12:46:04 - 378x492 - INFO - main:329 - 378x492 API startup completed successfully
2025-12-20 12:46:05 - 378x492 - WARNING - performance_monitor:107 - Failed to collect network_connections: (pid=91839)
2025-12-20 12:46:06 - 378x492 - WARNING - performance_monitor:107 - Failed to collect network_connections: (pid=91839)
2025-12-20 12:46:06 - 378x492 - WARNING - performance_monitor:406 - Performance Alert [WARNING]: cpu_percent exceeded threshold: 100.0% > 90%
2025-12-20 12:46:06 - 378x492 - WARNING - performance_monitor:339 - Error checking alert rule high_cpu_usage: PerformanceMonitor._get_default_alert_rules.<locals>.<lambda>() missing 1 required positional argument: 'm'
2025-12-20 12:46:06 - 378x492 - WARNING - performance_monitor:339 - Error checking alert rule high_memory_usage: PerformanceMonitor._get_default_alert_rules.<locals>.<lambda>() missing 1 required positional argument: 'm'
2025-12-20 12:46:06 - 378x492 - WARNING - performance_monitor:339 - Error checking alert rule high_disk_usage: PerformanceMonitor._get_default_alert_rules.<locals>.<lambda>() missing 1 required positional argument: 'm'
2025-12-20 12:46:06 - 378x492 - WARNING - performance_monitor:339 - Error checking alert rule low_disk_space: PerformanceMonitor._get_default_alert_rules.<locals>.<lambda>() missing 1 required positional argument: 'm'
2025-12-20 12:46:06 - 378x492 - WARNING - performance_monitor:339 - Error checking alert rule high_process_count: PerformanceMonitor._get_default_alert_rules.<locals>.<lambda>() missing 1 required positional argument: 'm'
2025-12-20 12:46:06 - 378x492 - WARNING - proactive_monitoring:281 - 🚨 Proactive Alert [CRITICAL]: Critical health issue detected: System resources critical: {'status': 'critical', 'memory_percent': 61.0, 'cpu_percent': 100.0, 'disk_percent': 3.8, 'issues': ['.1f'], 'recommendations': ['Investigate CPU-intensive processes or consider scaling'], 'thresholds': {'memory_critical': 98, 'memory_degraded': 95, 'cpu_critical': 98, 'cpu_degraded': 90, 'disk_critical': 90}}
2025-12-20 12:46:06 - 378x492 - CRITICAL - proactive_monitoring:298 - 🚨 CRITICAL ALERT: Critical health issue detected: System resources critical: {'status': 'critical', 'memory_percent': 61.0, 'cpu_percent': 100.0, 'disk_percent': 3.8, 'issues': ['.1f'], 'recommendations': ['Investigate CPU-intensive processes or consider scaling'], 'thresholds': {'memory_critical': 98, 'memory_degraded': 95, 'cpu_critical': 98, 'cpu_degraded': 90, 'disk_critical': 90}}
INFO:     Application startup complete.
INFO:     Uvicorn running on http://127.0.0.1:8000 (Press CTRL+C to quit)
