INFO:     Will watch for changes in these directories: ['/Users/Arief/Desktop/378x492']
INFO:     Uvicorn running on http://127.0.0.1:8000 (Press CTRL+C to quit)
INFO:     Started reloader process [54459] using WatchFiles
Audio/Video processing libraries not available: No module named 'pydub'
2025-12-19 07:52:37 - 378x492 - INFO - monitoring_service:173 - Restored monitoring state from disk
2025-12-19 07:52:40 - 378x492 - WARNING - main:330 - OpenTelemetry dependencies not found, skipping tracing setup
INFO:     Started server process [54538]
INFO:     Waiting for application startup.
2025-12-19 07:52:41 - 378x492 - INFO - main:167 - Starting 378x492 Fraud Detection API
2025-12-19 07:52:41 - 378x492 - INFO - main:173 - Database tables created successfully (Development Mode)
2025-12-19 07:52:41 - 378x492 - INFO - main:193 - Boot Integrity Verified. Audit Root Hash: 1d19fcd5442f8b8572663107d8cc7ecde91700ea7a3aeae707079a8639224de0
2025-12-19 07:52:41 - 378x492 - INFO - main:205 - Monitoring services disabled for debugging
2025-12-19 07:52:41 - 378x492 - INFO - main:214 - Collaboration WebSocket server starting on ws://localhost:8080
2025-12-19 07:52:41 - 378x492 - INFO - main:223 - 378x492 API startup completed successfully
INFO:     Application startup complete.
WARNING:  WatchFiles detected changes in 'backend/main.py'. Reloading...
INFO:     Shutting down
INFO:     Waiting for application shutdown.
2025-12-19 08:15:29 - 378x492 - INFO - main:237 - Shutting down 378x492 Fraud Detection API
2025-12-19 08:15:29 - 378x492 - ERROR - main:256 - Error during shutdown
INFO:     Application shutdown complete.
INFO:     Finished server process [54538]
WARNING:  WatchFiles detected changes in 'backend/main.py'. Reloading...
Audio/Video processing libraries not available: No module named 'pydub'
2025-12-19 08:15:34 - 378x492 - INFO - monitoring_service:173 - Restored monitoring state from disk
2025-12-19 08:15:35 - 378x492 - WARNING - main:330 - OpenTelemetry dependencies not found, skipping tracing setup
INFO:     Started server process [73978]
INFO:     Waiting for application startup.
2025-12-19 08:15:35 - 378x492 - INFO - main:167 - Starting 378x492 Fraud Detection API
2025-12-19 08:15:35 - 378x492 - INFO - main:173 - Database tables created successfully (Development Mode)
2025-12-19 08:15:35 - 378x492 - INFO - main:193 - Boot Integrity Verified. Audit Root Hash: 1f48c7837a67a358392ed6e1470ad45ca5f0f6dd7407cb725ddc07578d4d995b
2025-12-19 08:15:35 - 378x492 - INFO - main:205 - Monitoring services initialized successfully
2025-12-19 08:15:35 - 378x492 - INFO - main:214 - Collaboration WebSocket server starting on ws://localhost:8080
2025-12-19 08:15:35 - 378x492 - INFO - main:223 - 378x492 API startup completed successfully
INFO:     Application startup complete.
Audio/Video processing libraries not available: No module named 'pydub'
2025-12-19 08:15:39 - 378x492 - INFO - monitoring_service:173 - Restored monitoring state from disk
2025-12-19 08:15:40 - 378x492 - WARNING - main:330 - OpenTelemetry dependencies not found, skipping tracing setup
INFO:     Started server process [73990]
INFO:     Waiting for application startup.
2025-12-19 08:15:40 - 378x492 - INFO - main:167 - Starting 378x492 Fraud Detection API
2025-12-19 08:15:40 - 378x492 - INFO - main:173 - Database tables created successfully (Development Mode)
2025-12-19 08:15:40 - 378x492 - INFO - main:193 - Boot Integrity Verified. Audit Root Hash: a8417d9e152b77b24c63972cf0d74af256d420215d2157552a60465ec45063ce
2025-12-19 08:15:40 - 378x492 - INFO - main:205 - Monitoring services initialized successfully
2025-12-19 08:15:40 - 378x492 - INFO - main:214 - Collaboration WebSocket server starting on ws://localhost:8080
2025-12-19 08:15:40 - 378x492 - INFO - main:223 - 378x492 API startup completed successfully
INFO:     Application startup complete.
2025-12-19 08:15:41 - 378x492 - ERROR - performance_monitor:55 - Performance monitoring error: (pid=73886)
WARNING:  WatchFiles detected changes in 'backend/main.py'. Reloading...
INFO:     Shutting down
INFO:     Waiting for application shutdown.
2025-12-19 08:15:52 - 378x492 - INFO - main:237 - Shutting down 378x492 Fraud Detection API
2025-12-19 08:15:52 - 378x492 - ERROR - main:256 - Error during shutdown
INFO:     Application shutdown complete.
INFO:     Finished server process [73990]
Audio/Video processing libraries not available: No module named 'pydub'
2025-12-19 08:15:56 - 378x492 - INFO - monitoring_service:173 - Restored monitoring state from disk
2025-12-19 08:15:56 - 378x492 - WARNING - main:330 - OpenTelemetry dependencies not found, skipping tracing setup
INFO:     Started server process [74008]
INFO:     Waiting for application startup.
2025-12-19 08:15:57 - 378x492 - INFO - main:167 - Starting 378x492 Fraud Detection API
2025-12-19 08:15:57 - 378x492 - INFO - main:173 - Database tables created successfully (Development Mode)
2025-12-19 08:15:57 - 378x492 - INFO - main:193 - Boot Integrity Verified. Audit Root Hash: fd622426c5e8cdfb7e1358844cdee014c3e4a02adff9d07b1a718d85563b90bb
2025-12-19 08:15:57 - 378x492 - INFO - main:205 - Monitoring services initialized successfully
2025-12-19 08:15:57 - 378x492 - INFO - main:214 - Collaboration WebSocket server starting on ws://localhost:8080
2025-12-19 08:15:57 - 378x492 - INFO - main:223 - 378x492 API startup completed successfully
INFO:     Application startup complete.
2025-12-19 08:15:58 - 378x492 - ERROR - performance_monitor:55 - Performance monitoring error: (pid=73886)
WARNING:  WatchFiles detected changes in 'backend/app/services/infrastructure/monitoring_service.py'. Reloading...
INFO:     Shutting down
INFO:     Waiting for application shutdown.
2025-12-19 08:16:10 - 378x492 - INFO - main:237 - Shutting down 378x492 Fraud Detection API
2025-12-19 08:16:10 - 378x492 - ERROR - main:256 - Error during shutdown
INFO:     Application shutdown complete.
INFO:     Finished server process [74008]
Audio/Video processing libraries not available: No module named 'pydub'
2025-12-19 08:16:17 - 378x492 - INFO - monitoring_service:173 - Restored monitoring state from disk
2025-12-19 08:16:18 - 378x492 - WARNING - main:330 - OpenTelemetry dependencies not found, skipping tracing setup
INFO:     Started server process [74035]
INFO:     Waiting for application startup.
2025-12-19 08:16:19 - 378x492 - INFO - main:167 - Starting 378x492 Fraud Detection API
2025-12-19 08:16:19 - 378x492 - INFO - main:173 - Database tables created successfully (Development Mode)
2025-12-19 08:16:19 - 378x492 - INFO - main:193 - Boot Integrity Verified. Audit Root Hash: b735f3f799e1a5ef6af8286f487b414c920a98f94beae4f9e0cce7c69e5a124e
2025-12-19 08:16:19 - 378x492 - INFO - monitoring_service:385 - Monitoring service background thread started
2025-12-19 08:16:19 - 378x492 - INFO - main:205 - Monitoring services initialized successfully
2025-12-19 08:16:19 - 378x492 - INFO - main:214 - Collaboration WebSocket server starting on ws://localhost:8080
2025-12-19 08:16:19 - 378x492 - INFO - main:223 - 378x492 API startup completed successfully
INFO:     Application startup complete.
2025-12-19 08:16:20 - 378x492 - ERROR - performance_monitor:55 - Performance monitoring error: (pid=73886)
WARNING:  WatchFiles detected changes in 'backend/app/routers/admin.py'. Reloading...
INFO:     Shutting down
INFO:     Waiting for application shutdown.
2025-12-19 08:17:04 - 378x492 - INFO - main:237 - Shutting down 378x492 Fraud Detection API
2025-12-19 08:17:04 - 378x492 - INFO - main:244 - Monitoring services stopped
2025-12-19 08:17:04 - 378x492 - INFO - main:247 - Collaboration WebSocket server stopped
2025-12-19 08:17:04 - 378x492 - INFO - main:252 - 378x492 API shutdown completed
INFO:     Application shutdown complete.
INFO:     Finished server process [74035]
Audio/Video processing libraries not available: No module named 'pydub'
2025-12-19 08:17:09 - 378x492 - INFO - monitoring_service:173 - Restored monitoring state from disk
2025-12-19 08:17:10 - 378x492 - WARNING - main:330 - OpenTelemetry dependencies not found, skipping tracing setup
INFO:     Started server process [75625]
INFO:     Waiting for application startup.
2025-12-19 08:17:11 - 378x492 - INFO - main:167 - Starting 378x492 Fraud Detection API
2025-12-19 08:17:11 - 378x492 - INFO - main:173 - Database tables created successfully (Development Mode)
2025-12-19 08:17:11 - 378x492 - INFO - main:193 - Boot Integrity Verified. Audit Root Hash: 98932cb33845381e25cb0718790f97009e2166589c6527904d4278013633e850
2025-12-19 08:17:11 - 378x492 - INFO - monitoring_service:385 - Monitoring service background thread started
2025-12-19 08:17:11 - 378x492 - INFO - main:205 - Monitoring services initialized successfully
2025-12-19 08:17:11 - 378x492 - INFO - main:214 - Collaboration WebSocket server starting on ws://localhost:8080
2025-12-19 08:17:11 - 378x492 - INFO - main:223 - 378x492 API startup completed successfully
INFO:     Application startup complete.
2025-12-19 08:17:12 - 378x492 - ERROR - performance_monitor:55 - Performance monitoring error: (pid=73886)
2025-12-19 08:18:13 - 378x492 - ERROR - performance_monitor:55 - Performance monitoring error: (pid=73886)
WARNING:  WatchFiles detected changes in 'backend/core/database.py'. Reloading...
INFO:     Shutting down
INFO:     Waiting for application shutdown.
2025-12-19 08:18:14 - 378x492 - INFO - main:237 - Shutting down 378x492 Fraud Detection API
2025-12-19 08:18:14 - 378x492 - INFO - main:244 - Monitoring services stopped
2025-12-19 08:18:14 - 378x492 - INFO - main:247 - Collaboration WebSocket server stopped
2025-12-19 08:18:14 - 378x492 - INFO - main:252 - 378x492 API shutdown completed
INFO:     Application shutdown complete.
INFO:     Finished server process [75625]
WARNING:  WatchFiles detected changes in 'backend/core/database.py'. Reloading...
Audio/Video processing libraries not available: No module named 'pydub'
2025-12-19 08:18:19 - 378x492 - INFO - monitoring_service:173 - Restored monitoring state from disk
2025-12-19 08:18:19 - 378x492 - WARNING - main:330 - OpenTelemetry dependencies not found, skipping tracing setup
INFO:     Started server process [77484]
INFO:     Waiting for application startup.
2025-12-19 08:18:20 - 378x492 - INFO - main:167 - Starting 378x492 Fraud Detection API
2025-12-19 08:18:20 - 378x492 - INFO - main:173 - Database tables created successfully (Development Mode)
2025-12-19 08:18:20 - 378x492 - INFO - main:193 - Boot Integrity Verified. Audit Root Hash: e0f359d0399277931e001ed8bcb89a165985d0dfc2a42ea19ccd290db6e47701
2025-12-19 08:18:20 - 378x492 - INFO - monitoring_service:385 - Monitoring service background thread started
2025-12-19 08:18:20 - 378x492 - INFO - main:205 - Monitoring services initialized successfully
2025-12-19 08:18:20 - 378x492 - INFO - main:214 - Collaboration WebSocket server starting on ws://localhost:8080
2025-12-19 08:18:20 - 378x492 - INFO - main:223 - 378x492 API startup completed successfully
INFO:     Application startup complete.
Audio/Video processing libraries not available: No module named 'pydub'
2025-12-19 08:18:24 - 378x492 - INFO - monitoring_service:173 - Restored monitoring state from disk
2025-12-19 08:18:24 - 378x492 - WARNING - main:330 - OpenTelemetry dependencies not found, skipping tracing setup
INFO:     Started server process [77495]
INFO:     Waiting for application startup.
2025-12-19 08:18:25 - 378x492 - INFO - main:167 - Starting 378x492 Fraud Detection API
2025-12-19 08:18:25 - 378x492 - INFO - main:173 - Database tables created successfully (Development Mode)
2025-12-19 08:18:25 - 378x492 - INFO - main:193 - Boot Integrity Verified. Audit Root Hash: aa490fa637e729dca1c98476f3d22154ba4048cb0a0482147abd04bd0abd53e8
2025-12-19 08:18:25 - 378x492 - INFO - monitoring_service:385 - Monitoring service background thread started
2025-12-19 08:18:25 - 378x492 - INFO - main:205 - Monitoring services initialized successfully
2025-12-19 08:18:25 - 378x492 - INFO - main:214 - Collaboration WebSocket server starting on ws://localhost:8080
2025-12-19 08:18:25 - 378x492 - INFO - main:223 - 378x492 API startup completed successfully
INFO:     Application startup complete.
2025-12-19 08:18:26 - 378x492 - ERROR - performance_monitor:55 - Performance monitoring error: (pid=73886)
2025-12-19 08:18:28 - 378x492 - INFO - logging:136 - HTTP request
2025-12-19 08:18:28 - 378x492 - INFO - logging:136 - HTTP request
INFO:     127.0.0.1:65418 - "OPTIONS /api/v1/dashboard/metrics HTTP/1.1" 200 OK
INFO:     127.0.0.1:65422 - "OPTIONS /api/v1/activity/recent HTTP/1.1" 200 OK
2025-12-19 08:18:28 - 378x492 - WARNING - auth_service:127 - JWT decode failed
Failed to decode JWT token: 401: Invalid authentication token
2025-12-19 08:18:28 - 378x492 - ERROR - logging:167 - Starlette HTTP 404: Not Found
2025-12-19 08:18:28 - 378x492 - WARNING - auth_service:127 - JWT decode failed
Failed to decode JWT token: 401: Invalid authentication token
2025-12-19 08:18:28 - 378x492 - ERROR - logging:167 - Starlette HTTP 404: Not Found
2025-12-19 08:18:28 - 378x492 - INFO - logging:136 - HTTP request
2025-12-19 08:18:28 - 378x492 - INFO - logging:136 - HTTP request
INFO:     127.0.0.1:65424 - "GET /api/v1/dashboard/metrics HTTP/1.1" 404 Not Found
INFO:     127.0.0.1:65426 - "GET /api/v1/activity/recent HTTP/1.1" 404 Not Found
2025-12-19 08:18:29 - 378x492 - WARNING - auth_service:127 - JWT decode failed
Failed to decode JWT token: 401: Invalid authentication token
2025-12-19 08:18:29 - 378x492 - WARNING - auth_service:127 - JWT decode failed
Failed to decode JWT token: 401: Invalid authentication token
2025-12-19 08:18:29 - 378x492 - ERROR - logging:167 - Starlette HTTP 404: Not Found
2025-12-19 08:18:29 - 378x492 - ERROR - logging:167 - Starlette HTTP 404: Not Found
2025-12-19 08:18:29 - 378x492 - INFO - logging:136 - HTTP request
2025-12-19 08:18:29 - 378x492 - INFO - logging:136 - HTTP request
INFO:     127.0.0.1:65426 - "GET /api/v1/dashboard/metrics HTTP/1.1" 404 Not Found
INFO:     127.0.0.1:65424 - "GET /api/v1/activity/recent HTTP/1.1" 404 Not Found
WARNING:  WatchFiles detected changes in 'backend/core/database.py'. Reloading...
INFO:     Shutting down
INFO:     Waiting for application shutdown.
2025-12-19 08:18:32 - 378x492 - INFO - main:237 - Shutting down 378x492 Fraud Detection API
2025-12-19 08:18:32 - 378x492 - INFO - main:244 - Monitoring services stopped
2025-12-19 08:18:32 - 378x492 - INFO - main:247 - Collaboration WebSocket server stopped
2025-12-19 08:18:32 - 378x492 - INFO - main:252 - 378x492 API shutdown completed
INFO:     Application shutdown complete.
INFO:     Finished server process [77495]
Audio/Video processing libraries not available: No module named 'pydub'
2025-12-19 08:18:36 - 378x492 - INFO - monitoring_service:173 - Restored monitoring state from disk
2025-12-19 08:18:37 - 378x492 - WARNING - main:330 - OpenTelemetry dependencies not found, skipping tracing setup
INFO:     Started server process [77518]
INFO:     Waiting for application startup.
2025-12-19 08:18:37 - 378x492 - INFO - main:167 - Starting 378x492 Fraud Detection API
2025-12-19 08:18:37 - 378x492 - INFO - main:173 - Database tables created successfully (Development Mode)
2025-12-19 08:18:37 - 378x492 - INFO - main:193 - Boot Integrity Verified. Audit Root Hash: 4a6b6b6d45c629f47bcbb1292b16484235c3a2df94d156126e1cf16315a42e71
2025-12-19 08:18:37 - 378x492 - INFO - monitoring_service:385 - Monitoring service background thread started
2025-12-19 08:18:37 - 378x492 - INFO - main:205 - Monitoring services initialized successfully
2025-12-19 08:18:37 - 378x492 - INFO - main:214 - Collaboration WebSocket server starting on ws://localhost:8080
2025-12-19 08:18:37 - 378x492 - INFO - main:223 - 378x492 API startup completed successfully
INFO:     Application startup complete.
2025-12-19 08:18:38 - 378x492 - ERROR - performance_monitor:55 - Performance monitoring error: (pid=77515)
2025-12-19 08:19:06 - 378x492 - WARNING - auth_service:127 - JWT decode failed
Failed to decode JWT token: 401: Invalid authentication token
2025-12-19 08:19:06 - 378x492 - ERROR - logging:167 - Starlette HTTP 404: Not Found
2025-12-19 08:19:06 - 378x492 - WARNING - auth_service:127 - JWT decode failed
Failed to decode JWT token: 401: Invalid authentication token
2025-12-19 08:19:06 - 378x492 - ERROR - logging:167 - Starlette HTTP 404: Not Found
2025-12-19 08:19:06 - 378x492 - INFO - logging:136 - HTTP request
2025-12-19 08:19:06 - 378x492 - INFO - logging:136 - HTTP request
INFO:     127.0.0.1:65468 - "GET /api/v1/dashboard/metrics HTTP/1.1" 404 Not Found
INFO:     127.0.0.1:65470 - "GET /api/v1/activity/recent HTTP/1.1" 404 Not Found
2025-12-19 08:19:07 - 378x492 - WARNING - auth_service:127 - JWT decode failed
Failed to decode JWT token: 401: Invalid authentication token
2025-12-19 08:19:07 - 378x492 - WARNING - auth_service:127 - JWT decode failed
Failed to decode JWT token: 401: Invalid authentication token
2025-12-19 08:19:07 - 378x492 - ERROR - logging:167 - Starlette HTTP 404: Not Found
2025-12-19 08:19:07 - 378x492 - ERROR - logging:167 - Starlette HTTP 404: Not Found
2025-12-19 08:19:07 - 378x492 - INFO - logging:136 - HTTP request
2025-12-19 08:19:07 - 378x492 - INFO - logging:136 - HTTP request
INFO:     127.0.0.1:65470 - "GET /api/v1/dashboard/metrics HTTP/1.1" 404 Not Found
INFO:     127.0.0.1:65468 - "GET /api/v1/activity/recent HTTP/1.1" 404 Not Found
2025-12-19 08:19:09 - 378x492 - WARNING - auth_service:127 - JWT decode failed
Failed to decode JWT token: 401: Invalid authentication token
2025-12-19 08:19:09 - 378x492 - WARNING - auth_service:127 - JWT decode failed
Failed to decode JWT token: 401: Invalid authentication token
2025-12-19 08:19:09 - 378x492 - ERROR - logging:167 - Starlette HTTP 404: Not Found
2025-12-19 08:19:09 - 378x492 - ERROR - logging:167 - Starlette HTTP 404: Not Found
2025-12-19 08:19:09 - 378x492 - INFO - logging:136 - HTTP request
2025-12-19 08:19:09 - 378x492 - INFO - logging:136 - HTTP request
INFO:     127.0.0.1:65468 - "GET /api/v1/dashboard/metrics HTTP/1.1" 404 Not Found
INFO:     127.0.0.1:65470 - "GET /api/v1/activity/recent HTTP/1.1" 404 Not Found
WARNING:  WatchFiles detected changes in 'backend/app/services/infrastructure/storage/database_service.py'. Reloading...
INFO:     Shutting down
INFO:     Waiting for application shutdown.
2025-12-19 08:19:29 - 378x492 - INFO - main:237 - Shutting down 378x492 Fraud Detection API
2025-12-19 08:19:29 - 378x492 - INFO - main:244 - Monitoring services stopped
2025-12-19 08:19:29 - 378x492 - INFO - main:247 - Collaboration WebSocket server stopped
2025-12-19 08:19:29 - 378x492 - INFO - main:252 - 378x492 API shutdown completed
INFO:     Application shutdown complete.
INFO:     Finished server process [77518]
Audio/Video processing libraries not available: No module named 'pydub'
2025-12-19 08:19:35 - 378x492 - INFO - monitoring_service:173 - Restored monitoring state from disk
2025-12-19 08:19:36 - 378x492 - WARNING - main:330 - OpenTelemetry dependencies not found, skipping tracing setup
INFO:     Started server process [77905]
INFO:     Waiting for application startup.
2025-12-19 08:19:37 - 378x492 - INFO - main:167 - Starting 378x492 Fraud Detection API
2025-12-19 08:19:37 - 378x492 - INFO - main:173 - Database tables created successfully (Development Mode)
2025-12-19 08:19:37 - 378x492 - INFO - main:193 - Boot Integrity Verified. Audit Root Hash: 452f45b0d6bf87fbb76c4b1235b2f88cfcd229162ee280e6d6a63466523fed27
2025-12-19 08:19:37 - 378x492 - INFO - monitoring_service:385 - Monitoring service background thread started
2025-12-19 08:19:37 - 378x492 - INFO - main:205 - Monitoring services initialized successfully
2025-12-19 08:19:37 - 378x492 - INFO - main:214 - Collaboration WebSocket server starting on ws://localhost:8080
2025-12-19 08:19:37 - 378x492 - INFO - main:223 - 378x492 API startup completed successfully
INFO:     Application startup complete.
2025-12-19 08:19:38 - 378x492 - ERROR - performance_monitor:55 - Performance monitoring error: (pid=77580)
WARNING:  WatchFiles detected changes in 'backend/core/csrf_protection.py'. Reloading...
INFO:     Shutting down
INFO:     Waiting for application shutdown.
2025-12-19 08:20:06 - 378x492 - INFO - main:237 - Shutting down 378x492 Fraud Detection API
2025-12-19 08:20:06 - 378x492 - INFO - main:244 - Monitoring services stopped
2025-12-19 08:20:06 - 378x492 - INFO - main:247 - Collaboration WebSocket server stopped
2025-12-19 08:20:06 - 378x492 - INFO - main:252 - 378x492 API shutdown completed
INFO:     Application shutdown complete.
INFO:     Finished server process [77905]
WARNING:  WatchFiles detected changes in 'backend/core/csrf_protection.py'. Reloading...
Audio/Video processing libraries not available: No module named 'pydub'
2025-12-19 08:20:16 - 378x492 - INFO - monitoring_service:173 - Restored monitoring state from disk
2025-12-19 08:20:20 - 378x492 - WARNING - main:330 - OpenTelemetry dependencies not found, skipping tracing setup
INFO:     Started server process [78060]
INFO:     Waiting for application startup.
2025-12-19 08:20:21 - 378x492 - INFO - main:167 - Starting 378x492 Fraud Detection API
2025-12-19 08:20:21 - 378x492 - INFO - main:173 - Database tables created successfully (Development Mode)
2025-12-19 08:20:21 - 378x492 - INFO - main:193 - Boot Integrity Verified. Audit Root Hash: 5b466f4b6d147cc9881a689fa6262c68c1d4f49a665886b81ef8c3e338130741
2025-12-19 08:20:21 - 378x492 - INFO - monitoring_service:385 - Monitoring service background thread started
2025-12-19 08:20:21 - 378x492 - INFO - main:205 - Monitoring services initialized successfully
2025-12-19 08:20:21 - 378x492 - INFO - main:214 - Collaboration WebSocket server starting on ws://localhost:8080
2025-12-19 08:20:21 - 378x492 - INFO - main:223 - 378x492 API startup completed successfully
INFO:     Application startup complete.
Audio/Video processing libraries not available: No module named 'pydub'
2025-12-19 08:20:44 - 378x492 - INFO - monitoring_service:173 - Restored monitoring state from disk
2025-12-19 08:20:46 - 378x492 - WARNING - main:330 - OpenTelemetry dependencies not found, skipping tracing setup
INFO:     Started server process [78477]
INFO:     Waiting for application startup.
2025-12-19 08:20:47 - 378x492 - INFO - main:167 - Starting 378x492 Fraud Detection API
2025-12-19 08:20:47 - 378x492 - INFO - main:173 - Database tables created successfully (Development Mode)
2025-12-19 08:20:47 - 378x492 - INFO - main:193 - Boot Integrity Verified. Audit Root Hash: f1fad62db5167c7de4cfdcd9cd6660d625f1a7a7f71ec8feda7c7497afcfd606
2025-12-19 08:20:47 - 378x492 - INFO - monitoring_service:385 - Monitoring service background thread started
2025-12-19 08:20:47 - 378x492 - INFO - main:205 - Monitoring services initialized successfully
2025-12-19 08:20:47 - 378x492 - INFO - main:214 - Collaboration WebSocket server starting on ws://localhost:8080
2025-12-19 08:20:47 - 378x492 - INFO - main:223 - 378x492 API startup completed successfully
INFO:     Application startup complete.
2025-12-19 08:20:47 - 378x492 - INFO - logging:136 - HTTP request
2025-12-19 08:20:47 - 378x492 - INFO - logging:136 - HTTP request
2025-12-19 08:20:47 - 378x492 - INFO - logging:136 - HTTP request
2025-12-19 08:20:48 - 378x492 - ERROR - performance_monitor:55 - Performance monitoring error: (pid=78498)
2025-12-19 08:21:16 - 378x492 - INFO - logging:136 - HTTP request
INFO:     127.0.0.1:49397 - "OPTIONS /api/v1/auth/login HTTP/1.1" 200 OK
2025-12-19 08:21:17 - 378x492 - ERROR - encryption:58 - Decryption failed: 
2025-12-19 08:21:17 - 378x492 - ERROR - encryption:58 - Decryption failed: 
2025-12-19 08:21:17 - 378x492 - ERROR - auth:237 - Login error: DatabaseService.update_user() missing 1 required positional argument: 'data'
2025-12-19 08:21:17 - 378x492 - ERROR - logging:167 - HTTP 500: Internal login error
2025-12-19 08:21:17 - 378x492 - INFO - logging:136 - HTTP request
INFO:     127.0.0.1:49397 - "POST /api/v1/auth/login HTTP/1.1" 500 Internal Server Error
2025-12-19 08:21:17 - 378x492 - INFO - logging:136 - HTTP request
2025-12-19 08:21:17 - 378x492 - INFO - logging:136 - HTTP request
INFO:     127.0.0.1:49401 - "OPTIONS /api/v1/auth/login HTTP/1.1" 200 OK
INFO:     127.0.0.1:49403 - "OPTIONS /api/v1/auth/login HTTP/1.1" 200 OK
2025-12-19 08:21:17 - 378x492 - ERROR - encryption:58 - Decryption failed: 
2025-12-19 08:21:17 - 378x492 - ERROR - encryption:58 - Decryption failed: 
2025-12-19 08:21:17 - 378x492 - ERROR - auth:237 - Login error: DatabaseService.update_user() missing 1 required positional argument: 'data'
2025-12-19 08:21:17 - 378x492 - ERROR - logging:167 - HTTP 500: Internal login error
2025-12-19 08:21:17 - 378x492 - INFO - logging:136 - HTTP request
2025-12-19 08:21:17 - 378x492 - ERROR - encryption:58 - Decryption failed: 
2025-12-19 08:21:17 - 378x492 - ERROR - encryption:58 - Decryption failed: 
2025-12-19 08:21:17 - 378x492 - ERROR - auth:237 - Login error: DatabaseService.update_user() missing 1 required positional argument: 'data'
2025-12-19 08:21:17 - 378x492 - ERROR - logging:167 - HTTP 500: Internal login error
INFO:     127.0.0.1:49397 - "OPTIONS /api/v1/apm/errors HTTP/1.1" 200 OK
2025-12-19 08:21:17 - 378x492 - INFO - logging:136 - HTTP request
2025-12-19 08:21:17 - 378x492 - INFO - logging:136 - HTTP request
INFO:     127.0.0.1:49405 - "POST /api/v1/auth/login HTTP/1.1" 500 Internal Server Error
INFO:     127.0.0.1:49407 - "POST /api/v1/auth/login HTTP/1.1" 500 Internal Server Error
2025-12-19 08:21:18 - 378x492 - ERROR - logging:167 - Starlette HTTP 404: Not Found
2025-12-19 08:21:18 - 378x492 - INFO - logging:136 - HTTP request
INFO:     127.0.0.1:49399 - "POST /api/v1/apm/errors HTTP/1.1" 404 Not Found
2025-12-19 08:21:18 - 378x492 - INFO - logging:136 - HTTP request
INFO:     127.0.0.1:49405 - "OPTIONS /api/v1/apm/errors HTTP/1.1" 200 OK
2025-12-19 08:21:18 - 378x492 - INFO - logging:136 - HTTP request
INFO:     127.0.0.1:49407 - "OPTIONS /api/v1/apm/errors HTTP/1.1" 200 OK
2025-12-19 08:21:18 - 378x492 - ERROR - logging:167 - Starlette HTTP 404: Not Found
2025-12-19 08:21:18 - 378x492 - ERROR - logging:167 - Starlette HTTP 404: Not Found
2025-12-19 08:21:18 - 378x492 - INFO - logging:136 - HTTP request
INFO:     127.0.0.1:49409 - "POST /api/v1/apm/errors HTTP/1.1" 404 Not Found
2025-12-19 08:21:18 - 378x492 - INFO - logging:136 - HTTP request
INFO:     127.0.0.1:49411 - "POST /api/v1/apm/errors HTTP/1.1" 404 Not Found
2025-12-19 08:21:49 - 378x492 - ERROR - performance_monitor:55 - Performance monitoring error: (pid=78810)
2025-12-19 08:21:51 - 378x492 - INFO - logging:136 - HTTP request
INFO:     127.0.0.1:49502 - "OPTIONS /api/v1/auth/login HTTP/1.1" 200 OK
2025-12-19 08:21:51 - 378x492 - ERROR - encryption:58 - Decryption failed: 
2025-12-19 08:21:51 - 378x492 - ERROR - encryption:58 - Decryption failed: 
2025-12-19 08:21:51 - 378x492 - ERROR - auth:237 - Login error: DatabaseService.update_user() missing 1 required positional argument: 'data'
2025-12-19 08:21:51 - 378x492 - ERROR - logging:167 - HTTP 500: Internal login error
2025-12-19 08:21:52 - 378x492 - INFO - logging:136 - HTTP request
INFO:     127.0.0.1:49504 - "POST /api/v1/auth/login HTTP/1.1" 500 Internal Server Error
2025-12-19 08:21:52 - 378x492 - INFO - logging:136 - HTTP request
INFO:     127.0.0.1:49504 - "OPTIONS /api/v1/apm/errors HTTP/1.1" 200 OK
2025-12-19 08:21:52 - 378x492 - INFO - logging:136 - HTTP request
INFO:     127.0.0.1:49506 - "OPTIONS /api/v1/auth/login HTTP/1.1" 200 OK
2025-12-19 08:21:52 - 378x492 - ERROR - logging:167 - Starlette HTTP 404: Not Found
2025-12-19 08:21:52 - 378x492 - INFO - logging:136 - HTTP request
2025-12-19 08:21:52 - 378x492 - ERROR - encryption:58 - Decryption failed: 
2025-12-19 08:21:52 - 378x492 - ERROR - encryption:58 - Decryption failed: 
2025-12-19 08:21:52 - 378x492 - ERROR - auth:237 - Login error: DatabaseService.update_user() missing 1 required positional argument: 'data'
2025-12-19 08:21:52 - 378x492 - ERROR - logging:167 - HTTP 500: Internal login error
INFO:     127.0.0.1:49508 - "POST /api/v1/apm/errors HTTP/1.1" 404 Not Found
2025-12-19 08:21:52 - 378x492 - INFO - logging:136 - HTTP request
INFO:     127.0.0.1:49510 - "POST /api/v1/auth/login HTTP/1.1" 500 Internal Server Error
2025-12-19 08:21:52 - 378x492 - INFO - logging:136 - HTTP request
INFO:     127.0.0.1:49510 - "OPTIONS /api/v1/apm/errors HTTP/1.1" 200 OK
2025-12-19 08:21:52 - 378x492 - ERROR - logging:167 - Starlette HTTP 404: Not Found
2025-12-19 08:21:52 - 378x492 - INFO - logging:136 - HTTP request
INFO:     127.0.0.1:49512 - "POST /api/v1/apm/errors HTTP/1.1" 404 Not Found
2025-12-19 08:21:52 - 378x492 - INFO - logging:136 - HTTP request
INFO:     127.0.0.1:49514 - "OPTIONS /api/v1/auth/login HTTP/1.1" 200 OK
2025-12-19 08:21:52 - 378x492 - ERROR - encryption:58 - Decryption failed: 
2025-12-19 08:21:52 - 378x492 - ERROR - encryption:58 - Decryption failed: 
2025-12-19 08:21:52 - 378x492 - ERROR - auth:237 - Login error: DatabaseService.update_user() missing 1 required positional argument: 'data'
2025-12-19 08:21:52 - 378x492 - ERROR - logging:167 - HTTP 500: Internal login error
2025-12-19 08:21:52 - 378x492 - INFO - logging:136 - HTTP request
INFO:     127.0.0.1:49516 - "POST /api/v1/auth/login HTTP/1.1" 500 Internal Server Error
2025-12-19 08:21:52 - 378x492 - INFO - logging:136 - HTTP request
INFO:     127.0.0.1:49516 - "OPTIONS /api/v1/apm/errors HTTP/1.1" 200 OK
2025-12-19 08:21:52 - 378x492 - ERROR - logging:167 - Starlette HTTP 404: Not Found
2025-12-19 08:21:52 - 378x492 - INFO - logging:136 - HTTP request
INFO:     127.0.0.1:49518 - "POST /api/v1/apm/errors HTTP/1.1" 404 Not Found
WARNING:  WatchFiles detected changes in 'backend/core/csrf_protection.py'. Reloading...
INFO:     Shutting down
INFO:     Waiting for application shutdown.
2025-12-19 08:22:10 - 378x492 - INFO - main:237 - Shutting down 378x492 Fraud Detection API
2025-12-19 08:22:10 - 378x492 - INFO - main:244 - Monitoring services stopped
2025-12-19 08:22:10 - 378x492 - INFO - main:247 - Collaboration WebSocket server stopped
2025-12-19 08:22:10 - 378x492 - INFO - main:252 - 378x492 API shutdown completed
INFO:     Application shutdown complete.
INFO:     Finished server process [78477]
Audio/Video processing libraries not available: No module named 'pydub'
2025-12-19 08:22:18 - 378x492 - INFO - monitoring_service:173 - Restored monitoring state from disk
2025-12-19 08:22:18 - 378x492 - WARNING - main:330 - OpenTelemetry dependencies not found, skipping tracing setup
INFO:     Started server process [80109]
INFO:     Waiting for application startup.
2025-12-19 08:22:19 - 378x492 - INFO - main:167 - Starting 378x492 Fraud Detection API
2025-12-19 08:22:19 - 378x492 - INFO - main:173 - Database tables created successfully (Development Mode)
2025-12-19 08:22:19 - 378x492 - INFO - main:193 - Boot Integrity Verified. Audit Root Hash: 02a4c8d75bb4a1ed30fff3d24863b3391af23a8dae713070afb273b6c53765b6
2025-12-19 08:22:19 - 378x492 - INFO - monitoring_service:385 - Monitoring service background thread started
2025-12-19 08:22:19 - 378x492 - INFO - main:205 - Monitoring services initialized successfully
2025-12-19 08:22:19 - 378x492 - INFO - main:214 - Collaboration WebSocket server starting on ws://localhost:8080
2025-12-19 08:22:19 - 378x492 - INFO - main:223 - 378x492 API startup completed successfully
INFO:     Application startup complete.
2025-12-19 08:22:20 - 378x492 - ERROR - performance_monitor:55 - Performance monitoring error: (pid=78810)
2025-12-19 08:23:21 - 378x492 - ERROR - performance_monitor:55 - Performance monitoring error: (pid=77991)
2025-12-19 08:24:22 - 378x492 - ERROR - performance_monitor:55 - Performance monitoring error: (pid=88182)
WARNING:  WatchFiles detected changes in 'backend/app/services/infrastructure/auth_service.py', 'backend/app/routers/compliance.py'. Reloading...
INFO:     Shutting down
INFO:     Waiting for application shutdown.
2025-12-19 08:24:53 - 378x492 - INFO - main:237 - Shutting down 378x492 Fraud Detection API
2025-12-19 08:24:53 - 378x492 - INFO - main:244 - Monitoring services stopped
2025-12-19 08:24:53 - 378x492 - INFO - main:247 - Collaboration WebSocket server stopped
2025-12-19 08:24:53 - 378x492 - INFO - main:252 - 378x492 API shutdown completed
INFO:     Application shutdown complete.
INFO:     Finished server process [80109]
Audio/Video processing libraries not available: No module named 'pydub'
2025-12-19 08:25:03 - 378x492 - INFO - monitoring_service:173 - Restored monitoring state from disk
2025-12-19 08:25:05 - 378x492 - WARNING - main:330 - OpenTelemetry dependencies not found, skipping tracing setup
INFO:     Started server process [90437]
INFO:     Waiting for application startup.
2025-12-19 08:25:06 - 378x492 - INFO - main:167 - Starting 378x492 Fraud Detection API
2025-12-19 08:25:06 - 378x492 - INFO - main:173 - Database tables created successfully (Development Mode)
2025-12-19 08:25:06 - 378x492 - INFO - main:193 - Boot Integrity Verified. Audit Root Hash: 267392ff424ad1174ef962dacfa6265406f5edf44e69c2adce75f11970e4501c
2025-12-19 08:25:06 - 378x492 - INFO - monitoring_service:385 - Monitoring service background thread started
2025-12-19 08:25:06 - 378x492 - INFO - main:205 - Monitoring services initialized successfully
2025-12-19 08:25:06 - 378x492 - INFO - main:214 - Collaboration WebSocket server starting on ws://localhost:8080
2025-12-19 08:25:06 - 378x492 - INFO - main:223 - 378x492 API startup completed successfully
INFO:     Application startup complete.
2025-12-19 08:25:07 - 378x492 - ERROR - performance_monitor:55 - Performance monitoring error: (pid=89405)
2025-12-19 08:26:08 - 378x492 - ERROR - performance_monitor:55 - Performance monitoring error: (pid=88182)
2025-12-19 08:27:09 - 378x492 - ERROR - performance_monitor:55 - Performance monitoring error: (pid=88182)
2025-12-19 08:27:33 - 378x492 - ERROR - encryption:58 - Decryption failed: 
2025-12-19 08:27:33 - 378x492 - ERROR - encryption:58 - Decryption failed: 
2025-12-19 08:27:33 - 378x492 - ERROR - logging:167 - HTTP 409: Username already exists
2025-12-19 08:27:33 - 378x492 - INFO - logging:136 - HTTP request
INFO:     127.0.0.1:49949 - "POST /api/v1/auth/register HTTP/1.1" 409 Conflict
2025-12-19 08:27:33 - 378x492 - ERROR - encryption:58 - Decryption failed: 
2025-12-19 08:27:33 - 378x492 - ERROR - encryption:58 - Decryption failed: 
2025-12-19 08:27:33 - 378x492 - ERROR - encryption:58 - Decryption failed: 
2025-12-19 08:27:33 - 378x492 - ERROR - encryption:58 - Decryption failed: 
2025-12-19 08:27:33 - 378x492 - ERROR - encryption:58 - Decryption failed: 
2025-12-19 08:27:33 - 378x492 - ERROR - encryption:58 - Decryption failed: 
2025-12-19 08:27:33 - 378x492 - ERROR - encryption:58 - Decryption failed: 
2025-12-19 08:27:33 - 378x492 - ERROR - encryption:58 - Decryption failed: 
2025-12-19 08:27:33 - 378x492 - ERROR - encryption:58 - Decryption failed: 
2025-12-19 08:27:33 - 378x492 - ERROR - encryption:58 - Decryption failed: 
2025-12-19 08:27:33 - 378x492 - ERROR - encryption:58 - Decryption failed: 
2025-12-19 08:27:33 - 378x492 - ERROR - encryption:58 - Decryption failed: 
2025-12-19 08:27:33 - 378x492 - ERROR - encryption:58 - Decryption failed: 
2025-12-19 08:27:33 - 378x492 - ERROR - encryption:58 - Decryption failed: 
2025-12-19 08:27:33 - 378x492 - ERROR - encryption:58 - Decryption failed: 
2025-12-19 08:27:33 - 378x492 - ERROR - encryption:58 - Decryption failed: 
2025-12-19 08:27:33 - 378x492 - INFO - auth:84 - New user registered: test_admin
2025-12-19 08:27:33 - 378x492 - INFO - logging:136 - HTTP request
INFO:     127.0.0.1:49949 - "POST /api/v1/auth/register HTTP/1.1" 201 Created
2025-12-19 08:27:39 - 378x492 - INFO - logging:136 - HTTP request
INFO:     127.0.0.1:49982 - "OPTIONS /api/v1/auth/login HTTP/1.1" 400 Bad Request
2025-12-19 08:27:39 - 378x492 - INFO - logging:136 - HTTP request
INFO:     127.0.0.1:49984 - "OPTIONS /api/v1/apm/errors HTTP/1.1" 400 Bad Request
2025-12-19 08:27:39 - 378x492 - INFO - logging:136 - HTTP request
INFO:     127.0.0.1:49986 - "OPTIONS /api/v1/auth/login HTTP/1.1" 400 Bad Request
2025-12-19 08:27:39 - 378x492 - INFO - logging:136 - HTTP request
INFO:     127.0.0.1:49988 - "OPTIONS /api/v1/auth/login HTTP/1.1" 400 Bad Request
2025-12-19 08:27:39 - 378x492 - INFO - logging:136 - HTTP request
INFO:     127.0.0.1:49990 - "OPTIONS /api/v1/apm/errors HTTP/1.1" 400 Bad Request
2025-12-19 08:27:39 - 378x492 - INFO - logging:136 - HTTP request
INFO:     127.0.0.1:49992 - "OPTIONS /api/v1/apm/errors HTTP/1.1" 400 Bad Request
2025-12-19 08:27:49 - 378x492 - INFO - logging:136 - HTTP request
INFO:     127.0.0.1:50018 - "OPTIONS /api/v1/auth/login HTTP/1.1" 400 Bad Request
2025-12-19 08:27:49 - 378x492 - INFO - logging:136 - HTTP request
INFO:     127.0.0.1:50020 - "OPTIONS /api/v1/apm/errors HTTP/1.1" 400 Bad Request
2025-12-19 08:27:49 - 378x492 - INFO - logging:136 - HTTP request
INFO:     127.0.0.1:50022 - "OPTIONS /api/v1/auth/login HTTP/1.1" 400 Bad Request
2025-12-19 08:27:49 - 378x492 - INFO - logging:136 - HTTP request
INFO:     127.0.0.1:50024 - "OPTIONS /api/v1/auth/login HTTP/1.1" 400 Bad Request
2025-12-19 08:27:49 - 378x492 - INFO - logging:136 - HTTP request
INFO:     127.0.0.1:50026 - "OPTIONS /api/v1/apm/errors HTTP/1.1" 400 Bad Request
2025-12-19 08:27:49 - 378x492 - INFO - logging:136 - HTTP request
INFO:     127.0.0.1:50028 - "OPTIONS /api/v1/apm/errors HTTP/1.1" 400 Bad Request
2025-12-19 08:27:59 - 378x492 - INFO - logging:136 - HTTP request
INFO:     127.0.0.1:50068 - "OPTIONS /api/v1/auth/login HTTP/1.1" 400 Bad Request
2025-12-19 08:28:00 - 378x492 - INFO - logging:136 - HTTP request
INFO:     127.0.0.1:50070 - "OPTIONS /api/v1/apm/errors HTTP/1.1" 400 Bad Request
2025-12-19 08:28:00 - 378x492 - INFO - logging:136 - HTTP request
INFO:     127.0.0.1:50072 - "OPTIONS /api/v1/auth/login HTTP/1.1" 400 Bad Request
2025-12-19 08:28:00 - 378x492 - INFO - logging:136 - HTTP request
INFO:     127.0.0.1:50074 - "OPTIONS /api/v1/auth/login HTTP/1.1" 400 Bad Request
2025-12-19 08:28:00 - 378x492 - INFO - logging:136 - HTTP request
INFO:     127.0.0.1:50076 - "OPTIONS /api/v1/apm/errors HTTP/1.1" 400 Bad Request
2025-12-19 08:28:00 - 378x492 - INFO - logging:136 - HTTP request
INFO:     127.0.0.1:50078 - "OPTIONS /api/v1/apm/errors HTTP/1.1" 400 Bad Request
2025-12-19 08:28:10 - 378x492 - ERROR - performance_monitor:55 - Performance monitoring error: (pid=91647)
2025-12-19 08:28:10 - 378x492 - INFO - logging:136 - HTTP request
INFO:     127.0.0.1:50106 - "OPTIONS /api/v1/auth/login HTTP/1.1" 400 Bad Request
2025-12-19 08:28:11 - 378x492 - INFO - logging:136 - HTTP request
INFO:     127.0.0.1:50108 - "OPTIONS /api/v1/apm/errors HTTP/1.1" 400 Bad Request
2025-12-19 08:28:11 - 378x492 - INFO - logging:136 - HTTP request
INFO:     127.0.0.1:50110 - "OPTIONS /api/v1/auth/login HTTP/1.1" 400 Bad Request
2025-12-19 08:28:11 - 378x492 - INFO - logging:136 - HTTP request
INFO:     127.0.0.1:50112 - "OPTIONS /api/v1/apm/errors HTTP/1.1" 400 Bad Request
2025-12-19 08:28:11 - 378x492 - INFO - logging:136 - HTTP request
INFO:     127.0.0.1:50114 - "OPTIONS /api/v1/auth/login HTTP/1.1" 400 Bad Request
2025-12-19 08:28:11 - 378x492 - INFO - logging:136 - HTTP request
INFO:     127.0.0.1:50116 - "OPTIONS /api/v1/apm/errors HTTP/1.1" 400 Bad Request
2025-12-19 08:28:21 - 378x492 - INFO - logging:136 - HTTP request
INFO:     127.0.0.1:50154 - "OPTIONS /api/v1/auth/login HTTP/1.1" 400 Bad Request
2025-12-19 08:28:21 - 378x492 - INFO - logging:136 - HTTP request
INFO:     127.0.0.1:50156 - "OPTIONS /api/v1/apm/errors HTTP/1.1" 400 Bad Request
2025-12-19 08:28:22 - 378x492 - INFO - logging:136 - HTTP request
INFO:     127.0.0.1:50158 - "OPTIONS /api/v1/auth/login HTTP/1.1" 400 Bad Request
2025-12-19 08:28:22 - 378x492 - INFO - logging:136 - HTTP request
INFO:     127.0.0.1:50160 - "OPTIONS /api/v1/auth/login HTTP/1.1" 400 Bad Request
2025-12-19 08:28:22 - 378x492 - INFO - logging:136 - HTTP request
INFO:     127.0.0.1:50162 - "OPTIONS /api/v1/apm/errors HTTP/1.1" 400 Bad Request
2025-12-19 08:28:22 - 378x492 - INFO - logging:136 - HTTP request
INFO:     127.0.0.1:50164 - "OPTIONS /api/v1/apm/errors HTTP/1.1" 400 Bad Request
2025-12-19 08:28:32 - 378x492 - INFO - logging:136 - HTTP request
INFO:     127.0.0.1:50189 - "OPTIONS /api/v1/auth/login HTTP/1.1" 400 Bad Request
2025-12-19 08:28:32 - 378x492 - INFO - logging:136 - HTTP request
INFO:     127.0.0.1:50191 - "OPTIONS /api/v1/apm/errors HTTP/1.1" 400 Bad Request
2025-12-19 08:28:32 - 378x492 - INFO - logging:136 - HTTP request
INFO:     127.0.0.1:50193 - "OPTIONS /api/v1/auth/login HTTP/1.1" 400 Bad Request
2025-12-19 08:28:32 - 378x492 - INFO - logging:136 - HTTP request
INFO:     127.0.0.1:50195 - "OPTIONS /api/v1/apm/errors HTTP/1.1" 400 Bad Request
2025-12-19 08:28:33 - 378x492 - INFO - logging:136 - HTTP request
INFO:     127.0.0.1:50197 - "OPTIONS /api/v1/auth/login HTTP/1.1" 400 Bad Request
2025-12-19 08:28:33 - 378x492 - INFO - logging:136 - HTTP request
INFO:     127.0.0.1:50199 - "OPTIONS /api/v1/apm/errors HTTP/1.1" 400 Bad Request
2025-12-19 08:28:42 - 378x492 - INFO - logging:136 - HTTP request
INFO:     127.0.0.1:50235 - "OPTIONS /api/v1/auth/login HTTP/1.1" 400 Bad Request
2025-12-19 08:28:42 - 378x492 - INFO - logging:136 - HTTP request
2025-12-19 08:28:42 - 378x492 - INFO - logging:136 - HTTP request
INFO:     127.0.0.1:50237 - "OPTIONS /api/v1/auth/login HTTP/1.1" 400 Bad Request
INFO:     127.0.0.1:50239 - "OPTIONS /api/v1/apm/errors HTTP/1.1" 400 Bad Request
2025-12-19 08:28:42 - 378x492 - INFO - logging:136 - HTTP request
INFO:     127.0.0.1:50241 - "OPTIONS /api/v1/apm/errors HTTP/1.1" 400 Bad Request
2025-12-19 08:28:43 - 378x492 - INFO - logging:136 - HTTP request
INFO:     127.0.0.1:50243 - "OPTIONS /api/v1/auth/login HTTP/1.1" 400 Bad Request
2025-12-19 08:28:43 - 378x492 - INFO - logging:136 - HTTP request
INFO:     127.0.0.1:50245 - "OPTIONS /api/v1/apm/errors HTTP/1.1" 400 Bad Request
2025-12-19 08:28:52 - 378x492 - INFO - logging:136 - HTTP request
INFO:     127.0.0.1:50261 - "OPTIONS /api/v1/auth/login HTTP/1.1" 400 Bad Request
2025-12-19 08:28:52 - 378x492 - INFO - logging:136 - HTTP request
INFO:     127.0.0.1:50263 - "OPTIONS /api/v1/apm/errors HTTP/1.1" 400 Bad Request
2025-12-19 08:28:53 - 378x492 - INFO - logging:136 - HTTP request
INFO:     127.0.0.1:50266 - "OPTIONS /api/v1/auth/login HTTP/1.1" 400 Bad Request
2025-12-19 08:28:53 - 378x492 - INFO - logging:136 - HTTP request
INFO:     127.0.0.1:50268 - "OPTIONS /api/v1/apm/errors HTTP/1.1" 400 Bad Request
2025-12-19 08:28:56 - 378x492 - INFO - logging:136 - HTTP request
INFO:     127.0.0.1:50278 - "OPTIONS /api/v1/auth/login HTTP/1.1" 400 Bad Request
2025-12-19 08:28:56 - 378x492 - INFO - logging:136 - HTTP request
INFO:     127.0.0.1:50280 - "OPTIONS /api/v1/apm/errors HTTP/1.1" 400 Bad Request
2025-12-19 08:29:10 - 378x492 - INFO - logging:136 - HTTP request
INFO:     127.0.0.1:50321 - "OPTIONS /api/v1/auth/login HTTP/1.1" 400 Bad Request
2025-12-19 08:29:10 - 378x492 - INFO - logging:136 - HTTP request
INFO:     127.0.0.1:50321 - "OPTIONS /api/v1/apm/errors HTTP/1.1" 400 Bad Request
2025-12-19 08:29:11 - 378x492 - ERROR - performance_monitor:55 - Performance monitoring error: (pid=91755)
2025-12-19 08:29:12 - 378x492 - INFO - logging:136 - HTTP request
INFO:     127.0.0.1:50324 - "OPTIONS /api/v1/auth/login HTTP/1.1" 400 Bad Request
2025-12-19 08:29:12 - 378x492 - INFO - logging:136 - HTTP request
INFO:     127.0.0.1:50324 - "OPTIONS /api/v1/apm/errors HTTP/1.1" 400 Bad Request
2025-12-19 08:29:14 - 378x492 - INFO - logging:136 - HTTP request
INFO:     127.0.0.1:50325 - "OPTIONS /api/v1/auth/login HTTP/1.1" 400 Bad Request
2025-12-19 08:29:14 - 378x492 - INFO - logging:136 - HTTP request
INFO:     127.0.0.1:50325 - "OPTIONS /api/v1/apm/errors HTTP/1.1" 400 Bad Request
2025-12-19 08:30:01 - 378x492 - ERROR - encryption:58 - Decryption failed: 
2025-12-19 08:30:01 - 378x492 - ERROR - encryption:58 - Decryption failed: 
2025-12-19 08:30:01 - 378x492 - ERROR - auth:237 - Login error: DatabaseService.update_user() missing 1 required positional argument: 'data'
2025-12-19 08:30:01 - 378x492 - ERROR - logging:167 - HTTP 500: Internal login error
2025-12-19 08:30:01 - 378x492 - INFO - logging:136 - HTTP request
INFO:     127.0.0.1:50382 - "POST /api/v1/auth/login HTTP/1.1" 500 Internal Server Error
2025-12-19 08:30:09 - 378x492 - INFO - logging:136 - HTTP request
INFO:     127.0.0.1:50392 - "GET /health HTTP/1.1" 200 OK
2025-12-19 08:30:12 - 378x492 - ERROR - performance_monitor:55 - Performance monitoring error: (pid=91972)
2025-12-19 08:30:15 - 378x492 - ERROR - encryption:58 - Decryption failed: 
2025-12-19 08:30:15 - 378x492 - ERROR - encryption:58 - Decryption failed: 
2025-12-19 08:30:15 - 378x492 - ERROR - encryption:58 - Decryption failed: 
2025-12-19 08:30:15 - 378x492 - ERROR - encryption:58 - Decryption failed: 
2025-12-19 08:30:15 - 378x492 - ERROR - encryption:58 - Decryption failed: 
2025-12-19 08:30:15 - 378x492 - ERROR - encryption:58 - Decryption failed: 
2025-12-19 08:30:15 - 378x492 - ERROR - encryption:58 - Decryption failed: 
2025-12-19 08:30:15 - 378x492 - ERROR - encryption:58 - Decryption failed: 
2025-12-19 08:30:15 - 378x492 - ERROR - encryption:58 - Decryption failed: 
2025-12-19 08:30:15 - 378x492 - ERROR - encryption:58 - Decryption failed: 
2025-12-19 08:30:15 - 378x492 - ERROR - encryption:58 - Decryption failed: 
2025-12-19 08:30:15 - 378x492 - ERROR - encryption:58 - Decryption failed: 
2025-12-19 08:30:15 - 378x492 - ERROR - encryption:58 - Decryption failed: 
2025-12-19 08:30:15 - 378x492 - ERROR - encryption:58 - Decryption failed: 
2025-12-19 08:30:15 - 378x492 - ERROR - encryption:58 - Decryption failed: 
2025-12-19 08:30:15 - 378x492 - ERROR - encryption:58 - Decryption failed: 
2025-12-19 08:30:15 - 378x492 - INFO - auth:84 - New user registered: testanalyst
2025-12-19 08:30:15 - 378x492 - INFO - logging:136 - HTTP request
INFO:     127.0.0.1:50398 - "POST /api/v1/auth/register HTTP/1.1" 201 Created
2025-12-19 08:30:18 - 378x492 - ERROR - auth:237 - Login error: DatabaseService.update_user() missing 1 required positional argument: 'data'
2025-12-19 08:30:18 - 378x492 - ERROR - logging:167 - HTTP 500: Internal login error
2025-12-19 08:30:18 - 378x492 - INFO - logging:136 - HTTP request
INFO:     127.0.0.1:50413 - "POST /api/v1/auth/login HTTP/1.1" 500 Internal Server Error
INFO:     Shutting down
INFO:     Waiting for application shutdown.
2025-12-19 08:30:21 - 378x492 - INFO - main:237 - Shutting down 378x492 Fraud Detection API
2025-12-19 08:30:21 - 378x492 - INFO - main:244 - Monitoring services stopped
2025-12-19 08:30:21 - 378x492 - INFO - main:247 - Collaboration WebSocket server stopped
2025-12-19 08:30:21 - 378x492 - INFO - main:252 - 378x492 API shutdown completed
INFO:     Application shutdown complete.
INFO:     Finished server process [90437]
INFO:     Stopping reloader process [54459]
